// Vitest Snapshot v1, https://vitest.dev/guide/snapshot.html

exports[`DateInput > matches snapshot 1`] = `
<div
  class="tw:w-full"
>
  <div
    class="tw:relative tw:border tw:border-[var(--color-border)] tw:rounded-lg tw:bg-[var(--color-surface)] tw:transition-colors"
  >
    <label
      class="tw:absolute tw:-top-2 tw:left-3 tw:px-1 tw:bg-[var(--color-surface)] tw:text-xs tw:font-medium tw:text-[var(--color-text-secondary)]"
      for="start-date"
    >
      Start Date
    </label>
    <input
      class="tw:w-full tw:h-11 tw:px-4 tw:bg-transparent tw:border-0 tw:outline-none tw:text-base tw:transition-colors tw:focus:outline-none tw:focus:ring-2 tw:focus:ring-[var(--color-primary)]/30"
      data-test-id="start-date"
      id="start-date"
      type="date"
      value=""
    />
  </div>
</div>
`;
