// Jest Snapshot v1, https://goo.gl/fbAQLP

exports[`ShareList renders ShareList when data fetch is successful 1`] = `
<div>
  <div
    id="loader"
  >
    <div
      class="spinner-border"
      id="spinner"
      role="status"
    >
      <span
        class="sr-only"
      >
        Loading...
      </span>
    </div>
  </div>
</div>
`;

exports[`ShareList renders loading when data fetch is not complete 1`] = `
<div>
  <div
    id="loader"
  >
    <div
      class="spinner-border"
      id="spinner"
      role="status"
    >
      <span
        class="sr-only"
      >
        Loading...
      </span>
    </div>
  </div>
</div>
`;

exports[`ShareList renders unknown error component when error occurs 1`] = `
<div>
  <div
    id="loader"
  >
    <div
      class="spinner-border"
      id="spinner"
      role="status"
    >
      <span
        class="sr-only"
      >
        Loading...
      </span>
    </div>
  </div>
</div>
`;
