// Vitest Snapshot v1, https://vitest.dev/guide/snapshot.html

exports[`FieldConfigurationRows > renders with container 1`] = `
<div>
  <div
    class="tw:flex tw:flex-col tw:gap-3"
  >
    <h4
      class="tw:text-sm tw:font-semibold tw:m-0 tw:text-[var(--color-text-primary)]"
    >
      Fields
    </h4>
    <div
      class="tw:flex tw:flex-col tw:gap-3 tw:p-3 tw:rounded-lg tw:border tw:border-[var(--color-border)] tw:bg-[var(--color-surface-raised)]"
      data-test-class="field-configuration-row"
    >
      <div
        class="tw:w-full"
      >
        <label
          class="tw:block tw:text-sm tw:font-medium tw:text-[var(--color-text-secondary)] tw:mb-2"
          for="field-row-label-0"
        >
          Label
        </label>
        <input
          class="tw:w-full tw:h-11 tw:px-4 tw:py-2 tw:bg-[var(--color-surface)] tw:border tw:border-[var(--color-border)] tw:rounded-lg tw:text-base tw:transition-colors tw:focus:outline-none tw:focus:ring-2 tw:focus:ring-[var(--color-primary)]/30 tw:focus:border-[var(--color-border-strong)]"
          data-test-id="field-row-label-0"
          id="field-row-label-0"
          placeholder="e.g., product"
          value="product"
        />
      </div>
      <div
        class="tw:w-full"
      >
        <label
          class="tw:block tw:text-sm tw:font-medium tw:text-[var(--color-text-secondary)] tw:mb-2"
          for="field-row-data-type-0"
        >
          Type
        </label>
        <select
          class="tw:w-full tw:h-11 tw:px-4 tw:py-2 tw:bg-[var(--color-surface)] tw:border tw:border-[var(--color-border)] tw:rounded-lg tw:text-base tw:transition-colors tw:focus:outline-none tw:focus:ring-2 tw:focus:ring-[var(--color-primary)]/30 tw:focus:border-[var(--color-border-strong)] tw:appearance-none tw:bg-[image:url('data:image/svg+xml;utf8,<svg%20xmlns=%22http://www.w3.org/2000/svg%22%20viewBox=%220%200%2024%2024%22%20fill=%22none%22%20stroke=%22%236b7280%22%20stroke-width=%222%22%20stroke-linecap=%22round%22%20stroke-linejoin=%22round%22><polyline%20points=%226%209%2012%2015%2018%209%22></polyline></svg>')] tw:bg-no-repeat tw:bg-right tw:pr-10"
          data-test-id="field-row-data-type-0"
          id="field-row-data-type-0"
        >
          <option
            value="boolean"
          >
            True/False
          </option>
          <option
            value="date_time"
          >
            Date
          </option>
          <option
            value="free_text"
          >
            Free Text
          </option>
          <option
            value="number"
          >
            Number
          </option>
        </select>
      </div>
      <div
        class="tw:flex tw:items-end tw:gap-3 tw:justify-between"
      >
        <div
          class="tw:w-24"
        >
          <div
            class="tw:w-full"
          >
            <label
              class="tw:block tw:text-sm tw:font-medium tw:text-[var(--color-text-secondary)] tw:mb-2"
              for="field-row-position-0"
            >
              Position
            </label>
            <input
              class="tw:w-full tw:h-11 tw:px-4 tw:py-2 tw:bg-[var(--color-surface)] tw:border tw:border-[var(--color-border)] tw:rounded-lg tw:text-base tw:transition-colors tw:focus:outline-none tw:focus:ring-2 tw:focus:ring-[var(--color-primary)]/30 tw:focus:border-[var(--color-border-strong)]"
              data-test-id="field-row-position-0"
              id="field-row-position-0"
              max="1"
              min="1"
              type="number"
              value="1"
            />
          </div>
        </div>
        <div
          class="tw:flex tw:items-center tw:min-h-[44px] tw:cursor-pointer tw:gap-3"
        >
          <div
            class="tw:relative tw:w-5 tw:h-5"
          >
            <input
              checked=""
              class="tw:appearance-none tw:absolute tw:w-5 tw:h-5 tw:rounded tw:border-2 tw:border-[var(--color-border)] tw:bg-[var(--color-surface)] tw:cursor-pointer tw:transition-colors tw:focus:outline-none tw:focus:ring-2 tw:focus:ring-[var(--color-primary)]/30"
              data-test-id="field-row-primary-0"
              id="field-row-primary-0"
              name="field-row-primary-0"
              type="checkbox"
            />
            <svg
              class="tw:absolute tw:inset-0 tw:w-5 tw:h-5 tw:text-white tw:pointer-events-none"
              fill="currentColor"
              viewBox="0 0 20 20"
            >
              <rect
                fill="var(--color-primary)"
                height="20"
                rx="2"
                width="20"
              />
              <path
                d="M6.5 10.5L8.5 12.5L13.5 7.5"
                fill="none"
                stroke="white"
                stroke-linecap="round"
                stroke-linejoin="round"
                stroke-width="2"
              />
            </svg>
          </div>
          <label
            class="tw:text-sm tw:select-none tw:text-[var(--color-text-primary)] tw:cursor-pointer tw:mb-0"
            for="field-row-primary-0"
          >
            Primary
          </label>
        </div>
        <button
          aria-label="Remove field"
          class="tw:rounded-full tw:transition-colors tw:duration-200 tw:ease-in-out tw:flex tw:items-center tw:justify-center tw:flex-shrink-0 tw:min-h-[44px] tw:min-w-[44px] tw:cursor-pointer tw:focus-visible:outline-none tw:focus-visible:ring-2 tw:focus-visible:ring-[var(--color-primary)] tw:text-[var(--color-danger)] tw:hover:bg-[rgb(239_68_68_/_0.1)] tw:active:bg-[rgb(239_68_68_/_0.2)] tw:h-8 tw:w-8 tw:text-sm tw:opacity-50 tw:cursor-not-allowed tw:pointer-events-none"
          data-test-id="field-row-remove-0"
          disabled=""
          type="button"
        >
          <svg
            aria-hidden="true"
            fill="currentColor"
            focusable="false"
            height="14"
            role="img"
            style="display: inline-block; vertical-align: middle;"
            viewBox="0 0 512 512"
            width="14"
            xmlns="http://www.w3.org/2000/svg"
          >
            <path
              d="M135.2 17.7L128 32H32C14.3 32 0 46.3 0 64S14.3 96 32 96H416c17.7 0 32-14.3
      32-32s-14.3-32-32-32H320l-7.2-14.3C307.4 6.8 296.3 0 284.2 0H163.8c-12.1 0-23.2
      6.8-28.6 17.7zM416 128H32L53.2 467c1.6 25.3 22.6 45 47.9 45H346.9c25.3 0
      46.3-19.7 47.9-45L416 128z"
            />
          </svg>
        </button>
      </div>
    </div>
    <div>
      <button
        class="tw:font-medium tw:transition-colors tw:duration-200 tw:ease-in-out tw:min-h-[44px] tw:flex tw:items-center tw:justify-center tw:gap-2 tw:focus-visible:outline-none tw:focus-visible:ring-2 tw:focus-visible:ring-[var(--color-primary)] tw:border tw:border-[var(--color-border-strong)] tw:text-[var(--color-text-primary)] tw:hover:bg-[var(--color-surface-overlay)] tw:h-8 tw:px-3 tw:text-sm tw:rounded-md  tw:cursor-pointer"
        data-test-id="add-field-button"
        type="button"
      >
        Add Field
      </button>
    </div>
  </div>
</div>
`;
