// Jest Snapshot v1, https://goo.gl/fbAQLP

exports[`EditListItem displays EditListItem 1`] = `
<div>
  <h1>
    Edit 
    foo
  </h1>
  <br />
  <form
    autocomplete="off"
    class=""
  >
    <div
      class="mb-3"
    >
      <label
        class="form-label"
        for="product"
      >
        Product
      </label>
      <input
        class="form-control"
        id="product"
        name="product"
        placeholder="apples"
        type="text"
        value="foo"
      />
    </div>
    <div
      class="mb-3"
    >
      <label
        class="form-label"
        for="quantity"
      >
        Quantity
      </label>
      <input
        class="form-control"
        id="quantity"
        name="quantity"
        placeholder="3 bags"
        type="text"
        value=""
      />
    </div>
    <div
      class="mb-3"
    >
      <label
        class="form-label"
        for="category"
      >
        Category
      </label>
      <input
        class="form-control"
        id="category"
        list="categories"
        name="category"
        type="text"
        value=""
      />
      <datalist
        data-test-id="categories"
        id="categories"
      />
    </div>
    <div
      class="mb-3 mb-3"
    >
      <div
        class="form-check"
      >
        <input
          class="form-check-input"
          id="purchased"
          name="purchased"
          type="checkbox"
        />
        <label
          class="form-check-label"
          for="purchased"
          title=""
        >
          Purchased
        </label>
      </div>
    </div>
    <div
      class="d-grid gap-2 mt-3"
    >
      <button
        class="btn btn-success"
        type="submit"
      >
        Update Item
      </button>
      <button
        class="btn btn-link"
        type="button"
      >
        Cancel
      </button>
    </div>
  </form>
</div>
`;

exports[`EditListItem displays UnknownError when an error occurs 1`] = `
<div>
  <h1>
    Something went wrong!
  </h1>
  <h2>
    We are currently unable to render this page.
  </h2>
  <p>
    Please check your connection and try to  
    <button
      style="background-color: transparent; cursor: pointer; display: inline; margin: 0px; padding: 0px; color: rgb(0, 123, 255); text-decoration: none;"
    >
      refresh the page
    </button>
  </p>
</div>
`;

exports[`EditListItem renders the Loading component when fetch request is pending 1`] = `
<div>
  <div
    id="loader"
  >
    <div
      class="spinner-border"
      id="spinner"
      role="status"
    >
      <span
        class="sr-only"
      >
        Loading...
      </span>
    </div>
  </div>
</div>
`;
