// Jest Snapshot v1, https://goo.gl/fbAQLP

exports[`List displays List 1`] = `
<div>
  <a
    class="float-right"
    href="/lists"
  >
    Back to lists
  </a>
  <h1>
    foo
  </h1>
  <br />
  <button
    aria-controls="form-collapse"
    aria-expanded="false"
    class="btn btn-link"
    type="button"
  >
    Add Item
  </button>
  <form
    autocomplete="off"
    class="collapse"
    data-test-id="list-item-form"
    id="form-collapse"
    style="padding: 7px;"
  >
    <div
      class="form-group"
    >
      <label
        class="form-label"
        for="product"
      >
        Product
      </label>
      <input
        class="form-control"
        id="product"
        name="product"
        placeholder="apples"
        type="text"
        value=""
      />
      
    </div>
    <div
      class="form-group"
    >
      <label
        class="form-label"
        for="quantity"
      >
        Quantity
      </label>
      <input
        class="form-control"
        id="quantity"
        name="quantity"
        placeholder="3 bags"
        type="text"
        value=""
      />
      
    </div>
    <div
      class="form-group"
    >
      <label
        class="form-label"
        for="category"
      >
        Category
      </label>
      <input
        class="form-control"
        id="category"
        list="categories"
        name="category"
        type="text"
        value=""
      />
      <datalist
        id="categories"
      />
      
    </div>
    <br />
    <button
      class="btn btn-success btn-block"
      type="submit"
    >
      Add New Item
    </button>
    <button
      class="btn btn-link btn-block"
      type="button"
    >
      Collapse Form
    </button>
  </form>
  <hr />
  <div
    class="d-flex justify-content-between"
  >
    <h2>
      Items
    </h2>
    <div>
      <button
        class="btn btn-light"
        disabled=""
        style="cursor: not-allowed;"
        type="button"
      >
        Filter by category
      </button>
    </div>
  </div>
  <div
    class="clearfix"
  >
    <button
      class="mx-auto float-right btn btn-link"
      type="button"
    >
      
       Select
    </button>
  </div>
  <div
    class="mb-3 list-group"
  >
    
  </div>
  <br />
  <h2>
    Purchased
  </h2>
  <div
    class="clearfix"
  >
    <button
      class="mx-auto float-right btn btn-link"
      type="button"
    >
      
       Select
    </button>
  </div>
  <div
    class="mb-3 list-group"
  />
</div>
`;

exports[`List renders the Loading component when fetch request is pending 1`] = `
<div>
  <div
    style="display: flex; justify-content: center; align-items: center;"
  >
    <div
      class="spinner-border"
      role="status"
      style="width: 100px; height: 100px; position: absolute; top: 50%;"
    >
      <span
        class="sr-only"
      >
        Loading...
      </span>
    </div>
  </div>
</div>
`;
