// Jest Snapshot v1, https://goo.gl/fbAQLP

exports[`CompletedLists renders CompletedLists when data retrieval is complete 1`] = `
<div>
  <div
    id="loader"
  >
    <div
      class="spinner-border"
      id="spinner"
      role="status"
    >
      <span
        class="sr-only"
      >
        Loading...
      </span>
    </div>
  </div>
</div>
`;

exports[`CompletedLists renders loading component when data is being fetched 1`] = `
<div>
  <div
    id="loader"
  >
    <div
      class="spinner-border"
      id="spinner"
      role="status"
    >
      <span
        class="sr-only"
      >
        Loading...
      </span>
    </div>
  </div>
</div>
`;

exports[`CompletedLists renders unknown error when error occurs 1`] = `
<div>
  <div
    id="loader"
  >
    <div
      class="spinner-border"
      id="spinner"
      role="status"
    >
      <span
        class="sr-only"
      >
        Loading...
      </span>
    </div>
  </div>
</div>
`;
