// Jest Snapshot v1, https://goo.gl/fbAQLP

exports[`EditList displays EditList 1`] = `
<div>
  <h1>
    Edit 
    foo
  </h1>
  <br />
  <form
    autocomplete="off"
    class=""
  >
    <div
      class="mb-3"
    >
      <label
        class="form-label"
        for="name"
      >
        Name
      </label>
      <input
        class="form-control"
        id="name"
        name="name"
        placeholder="My super cool list"
        type="text"
        value="foo"
      />
    </div>
    <div
      class="mb-3"
    >
      <label
        class="form-label"
        for="type"
      >
        Type
      </label>
      <select
        class="form-control"
        id="type"
        name="type"
      >
        <option
          value="BookList"
        >
          books
        </option>
        <option
          value="GroceryList"
        >
          groceries
        </option>
        <option
          value="MusicList"
        >
          music
        </option>
        <option
          value="SimpleList"
        >
          simple
        </option>
        <option
          value="ToDoList"
        >
          to-do
        </option>
      </select>
    </div>
    <div
      class="mb-3 mb-3"
    >
      <div
        class="form-check"
      >
        <input
          class="form-check-input"
          id="completed"
          name="completed"
          type="checkbox"
        />
        <label
          class="form-check-label"
          for="completed"
          title=""
        >
          Completed
        </label>
      </div>
    </div>
    <div
      class="d-grid gap-2 mt-3"
    >
      <button
        class="btn btn-success"
        type="submit"
      >
        Update List
      </button>
      <button
        class="btn btn-link"
        type="button"
      >
        Cancel
      </button>
    </div>
  </form>
</div>
`;

exports[`EditList displays UnknownError when an error occurs 1`] = `
<div>
  <h1>
    Something went wrong!
  </h1>
  <h2>
    We are currently unable to render this page.
  </h2>
  <p>
    Please check your connection and try to  
    <button
      style="background-color: transparent; cursor: pointer; display: inline; margin: 0px; padding: 0px; color: rgb(0, 123, 255); text-decoration: none;"
    >
      refresh the page
    </button>
  </p>
</div>
`;

exports[`EditList displays UnknownError when data is undefined 1`] = `
<div>
  <h1>
    Something went wrong!
  </h1>
  <h2>
    We are currently unable to render this page.
  </h2>
  <p>
    Please check your connection and try to  
    <button
      style="background-color: transparent; cursor: pointer; display: inline; margin: 0px; padding: 0px; color: rgb(0, 123, 255); text-decoration: none;"
    >
      refresh the page
    </button>
  </p>
</div>
`;

exports[`EditList renders the Loading component when fetch request is pending 1`] = `
<div>
  <div
    id="loader"
  >
    <div
      class="spinner-border"
      id="spinner"
      role="status"
    >
      <span
        class="visually-hidden"
      >
        Loading...
      </span>
    </div>
  </div>
</div>
`;
