// Jest Snapshot v1, https://goo.gl/fbAQLP

exports[`Lists displays UnknownError when data is undefined 1`] = `
<div>
  <h1>
    Something went wrong!
  </h1>
  <h2>
    We are currently unable to render this page.
  </h2>
  <p>
    Please check your connection and try to  
    <button
      style="background-color: transparent; cursor: pointer; display: inline; margin: 0px; padding: 0px; color: rgb(0, 86, 179); text-decoration: none;"
    >
      refresh the page
    </button>
  </p>
</div>
`;

exports[`Lists renders Lists when data retrieval is complete 1`] = `
<div>
  <h1>
    Lists
  </h1>
  <button
    aria-controls="form-collapse"
    aria-expanded="false"
    class="btn btn-link"
    type="button"
  >
    Add List
  </button>
  <form
    autocomplete="off"
    class="collapse"
    id="form-collapse"
  >
    <div
      class="mb-3"
    >
      <label
        class="form-label"
        for="name"
      >
        Name
      </label>
      <input
        class="form-control"
        id="name"
        name="name"
        placeholder="My super cool list"
        type="text"
        value=""
      />
    </div>
    <div
      class="mb-3"
    >
      <label
        class="form-label"
        for="type"
      >
        Type
      </label>
      <select
        class="form-control"
        id="type"
        name="type"
      >
        <option
          value="BookList"
        >
          books
        </option>
        <option
          value="GroceryList"
        >
          groceries
        </option>
        <option
          value="MusicList"
        >
          music
        </option>
        <option
          value="SimpleList"
        >
          simple
        </option>
        <option
          value="ToDoList"
        >
          to-do
        </option>
      </select>
    </div>
    <div
      class="d-grid gap-2 mt-3"
    >
      <button
        class="btn btn-success"
        type="submit"
      >
        Create List
      </button>
      <button
        class="btn btn-link"
        type="button"
      >
        Collapse Form
      </button>
    </div>
  </form>
  <hr
    class="mb-4"
  />
  <div
    class="mb-4"
  >
    <div
      class="clearfix"
    >
      <div
        class="mx-auto float-start"
      >
        <div
          class="m-0 row"
        >
          <h2
            class="text-capitalize pe-0 w-auto"
          >
            Pending
          </h2>
          <button
            class="float-end text-secondary ps-0 w-auto border-0 bg-transparent align-self-start"
            data-test-id="Pending-popover"
            style="cursor: pointer; line-height: 1;"
            type="button"
          >
            <svg
              aria-hidden="true"
              fill="currentColor"
              focusable="false"
              height="14"
              role="img"
              style="display: inline-block; vertical-align: middle;"
              viewBox="0 0 512 512"
              width="14"
              xmlns="http://www.w3.org/2000/svg"
            >
              <path
                d="M464 256A208 208 0 1 0 48 256a208 208 0 1 0 416 0zM0 256a256 256 0 1 1 512 0A256 256 0 1 1 0 256zm169.8-90.7c7.9-22.3 29.1-37.3 52.8-37.3h58.3c34.9 0 63.1 28.3 63.1 63.1c0 22.6-12.1 43.5-31.7 54.8L280 264.4c-.2 13-10.9 23.6-24 23.6c-13.3 0-24-10.7-24-24V250.5c0-8.6 4.6-16.5 12.1-20.8l44.3-25.4c4.7-2.7 7.6-7.7 7.6-13.1c0-8.4-6.8-15.1-15.1-15.1H222.6c-3.4 0-6.4 2.1-7.5 5.3l-.4 1.2c-4.4 12.5-18.2 19-30.6 14.6s-19-18.2-14.6-30.6l.4-1.2zM224 352a32 32 0 1 1 64 0 32 32 0 1 1 -64 0z"
              />
            </svg>
          </button>
        </div>
      </div>
      <button
        class="mx-auto float-end btn btn-link"
        type="button"
      >
         Select
      </button>
    </div>
    <div
      class="list-group"
    >
      <div
        class="pending-list list-list-group-item list-group-item"
        data-test-class="pending-list"
        data-test-id="list-id3"
      >
        <div
          class="row"
        >
          <div
            class="col-sm-12 col-12"
          >
            <div
              class=" pt-1 row"
            >
              <div
                class="col-lg-6"
              >
                <h5
                  class="mb-1"
                >
                  <i
                    class="fa fa-shopping-bag text-secondary me-3"
                  />
                  foo
                </h5>
              </div>
              <div
                class="col-lg-4"
              >
                <small
                  class="text-muted"
                >
                  May 31 2020, 12:00:00 am
                </small>
              </div>
              <div
                class=" pe-lg-3 col-lg-2"
              >
                <div
                  class="float-end btn-group"
                  role="group"
                >
                  <button
                    class="p-0 me-3  btn btn-link"
                    data-test-id="pending-list-accept"
                    type="button"
                  >
                    <svg
                      aria-hidden="true"
                      class="text-success"
                      data-test-id="check-icon"
                      fill="currentColor"
                      focusable="false"
                      height="32"
                      role="img"
                      style="display: inline-block; vertical-align: middle;"
                      viewBox="0 0 512 512"
                      width="32"
                      xmlns="http://www.w3.org/2000/svg"
                    >
                      <path
                        d="M438.6 105.4c12.5 12.5 12.5 32.8 0 45.3l-256 256c-12.5 12.5-32.8 12.5-45.3 0l-128-128c-12.5-12.5-12.5-32.8 0-45.3s32.8-12.5 45.3 0L160 338.7 393.4 105.4c12.5-12.5 32.8-12.5 45.3 0z"
                      />
                    </svg>
                  </button>
                  <button
                    class="p-0 btn btn-link"
                    data-test-id="pending-list-trash"
                    type="button"
                  >
                    <svg
                      aria-hidden="true"
                      class="text-danger"
                      data-test-id="trash-icon"
                      fill="currentColor"
                      focusable="false"
                      height="32"
                      role="img"
                      style="display: inline-block; vertical-align: middle;"
                      viewBox="0 0 512 512"
                      width="32"
                      xmlns="http://www.w3.org/2000/svg"
                    >
                      <path
                        d="M135.2 17.7L128 32H32C14.3 32 0 46.3 0 64S14.3 96 32 96H416c17.7 0 32-14.3 32-32s-14.3-32-32-32H320l-7.2-14.3C307.4 6.8 296.3 0 284.2 0H163.8c-12.1 0-23.2 6.8-28.6 17.7zM416 128H32L53.2 467c1.6 25.3 22.6 45 47.9 45H346.9c25.3 0 46.3-19.7 47.9-45L416 128z"
                      />
                    </svg>
                  </button>
                </div>
              </div>
            </div>
          </div>
        </div>
      </div>
    </div>
  </div>
  <div
    class="mb-4"
  >
    <div
      class="clearfix"
    >
      <div
        class="mx-auto float-start"
      >
        <div
          class="m-0 row"
        >
          <h2
            class="text-capitalize pe-0 w-auto"
          >
            Incomplete
          </h2>
          <button
            class="float-end text-secondary ps-0 w-auto border-0 bg-transparent align-self-start"
            data-test-id="Incomplete-popover"
            style="cursor: pointer; line-height: 1;"
            type="button"
          >
            <svg
              aria-hidden="true"
              fill="currentColor"
              focusable="false"
              height="14"
              role="img"
              style="display: inline-block; vertical-align: middle;"
              viewBox="0 0 512 512"
              width="14"
              xmlns="http://www.w3.org/2000/svg"
            >
              <path
                d="M464 256A208 208 0 1 0 48 256a208 208 0 1 0 416 0zM0 256a256 256 0 1 1 512 0A256 256 0 1 1 0 256zm169.8-90.7c7.9-22.3 29.1-37.3 52.8-37.3h58.3c34.9 0 63.1 28.3 63.1 63.1c0 22.6-12.1 43.5-31.7 54.8L280 264.4c-.2 13-10.9 23.6-24 23.6c-13.3 0-24-10.7-24-24V250.5c0-8.6 4.6-16.5 12.1-20.8l44.3-25.4c4.7-2.7 7.6-7.7 7.6-13.1c0-8.4-6.8-15.1-15.1-15.1H222.6c-3.4 0-6.4 2.1-7.5 5.3l-.4 1.2c-4.4 12.5-18.2 19-30.6 14.6s-19-18.2-14.6-30.6l.4-1.2zM224 352a32 32 0 1 1 64 0 32 32 0 1 1 -64 0z"
              />
            </svg>
          </button>
        </div>
      </div>
      <button
        class="mx-auto float-end btn btn-link"
        type="button"
      >
         Select
      </button>
    </div>
    <div
      class="list-group"
    >
      <div
        class="accepted-list list-list-group-item list-group-item"
        data-test-class="incomplete-list"
        data-test-id="list-id2"
      >
        <div
          class="row"
        >
          <div
            class="col-sm-12 col-12"
          >
            <div
              class=" pt-1 row"
            >
              <div
                class="col-lg-6"
              >
                <a
                  class="router-link"
                  data-discover="true"
                  href="/lists/id2"
                >
                  <h5
                    class="mb-1"
                  >
                    <i
                      class="fa fa-book text-secondary me-3"
                    />
                    bar
                  </h5>
                </a>
              </div>
              <div
                class="col-lg-4"
              >
                <small
                  class="text-muted"
                >
                  May 31 2020, 12:00:00 am
                </small>
              </div>
              <div
                class=" pe-lg-3 col-lg-2"
              >
                <div
                  class="float-end btn-group"
                  role="group"
                >
                  <button
                    class="p-0 me-3 list-button-enabled btn btn-link"
                    data-test-id="incomplete-list-complete"
                    type="button"
                  >
                    <svg
                      aria-hidden="true"
                      class="text-success"
                      data-test-id="check-icon"
                      fill="currentColor"
                      focusable="false"
                      height="32"
                      role="img"
                      style="display: inline-block; vertical-align: middle;"
                      viewBox="0 0 512 512"
                      width="32"
                      xmlns="http://www.w3.org/2000/svg"
                    >
                      <path
                        d="M438.6 105.4c12.5 12.5 12.5 32.8 0 45.3l-256 256c-12.5 12.5-32.8 12.5-45.3 0l-128-128c-12.5-12.5-12.5-32.8 0-45.3s32.8-12.5 45.3 0L160 338.7 393.4 105.4c12.5-12.5 32.8-12.5 45.3 0z"
                      />
                    </svg>
                  </button>
                  <a
                    aria-disabled="false"
                    class="p-0 me-3 list-button-enabled"
                    data-discover="true"
                    data-test-id="incomplete-list-share"
                    href="/id2/users_lists"
                  >
                    <svg
                      aria-hidden="true"
                      class="text-primary"
                      data-test-id="users-icon"
                      fill="currentColor"
                      focusable="false"
                      height="32"
                      role="img"
                      style="display: inline-block; vertical-align: middle;"
                      viewBox="0 0 512 512"
                      width="32"
                      xmlns="http://www.w3.org/2000/svg"
                    >
                      <path
                        d="M96 128a128 128 0 1 0 256 0A128 128 0 1 0 96 128zm94.5 200.2l18.6 31L175.8 483.1l-36-146.9c-2-8.1-9.8-13.4-17.9-11.3C51.9 342.4 0 405.8 0 481.3c0 17 13.8 30.7 30.7 30.7H162.5c0 0 0 0 .1 0H168 280h5.5c0 0 0 0 .1 0H417.3c17 0 30.7-13.8 30.7-30.7c0-75.5-51.9-138.9-121.9-156.4c-8.1-2-15.9 3.3-17.9 11.3l-36 146.9L238.9 359.2l18.6-31c6.4-10.7-1.3-24.2-13.7-24.2H224 204.3c-12.4 0-20.1 13.6-13.7 24.2z"
                      />
                    </svg>
                  </a>
                  <a
                    aria-disabled="false"
                    class="p-0 me-3 list-button-enabled"
                    data-discover="true"
                    data-test-id="incomplete-list-edit"
                    href="/lists/id2/edit"
                  >
                    <svg
                      aria-hidden="true"
                      class="text-warning"
                      data-test-id="edit-icon"
                      fill="currentColor"
                      focusable="false"
                      height="32"
                      role="img"
                      style="display: inline-block; vertical-align: middle;"
                      viewBox="0 0 512 512"
                      width="32"
                      xmlns="http://www.w3.org/2000/svg"
                    >
                      <path
                        d="M471.6 21.7c-21.9-21.9-57.3-21.9-79.2 0L362.3 51.7l97.9 97.9 30.1-30.1c21.9-21.9 21.9-57.3 0-79.2L471.6 21.7zm-299.2 220c-6.1 6.1-10.8 13.6-13.5 21.9l-29.6 88.8c-2.9 8.6-.6 18.1 5.8 24.6s15.9 8.7 24.6 5.8l88.8-29.6c8.2-2.7 15.7-7.4 21.9-13.5L437.7 172.3 339.7 74.3 172.4 241.7zM96 64C43 64 0 107 0 160V416c0 53 43 96 96 96H352c53 0 96-43 96-96V320c0-17.7-14.3-32-32-32s-32 14.3-32 32v96c0 17.7-14.3 32-32 32H96c-17.7 0-32-14.3-32-32V160c0-17.7 14.3-32 32-32h96c17.7 0 32-14.3 32-32s-14.3-32-32-32H96z"
                      />
                    </svg>
                  </a>
                  <button
                    class="p-0 btn btn-link"
                    data-test-id="incomplete-list-trash"
                    type="button"
                  >
                    <svg
                      aria-hidden="true"
                      class="text-danger"
                      data-test-id="trash-icon"
                      fill="currentColor"
                      focusable="false"
                      height="32"
                      role="img"
                      style="display: inline-block; vertical-align: middle;"
                      viewBox="0 0 512 512"
                      width="32"
                      xmlns="http://www.w3.org/2000/svg"
                    >
                      <path
                        d="M135.2 17.7L128 32H32C14.3 32 0 46.3 0 64S14.3 96 32 96H416c17.7 0 32-14.3 32-32s-14.3-32-32-32H320l-7.2-14.3C307.4 6.8 296.3 0 284.2 0H163.8c-12.1 0-23.2 6.8-28.6 17.7zM416 128H32L53.2 467c1.6 25.3 22.6 45 47.9 45H346.9c25.3 0 46.3-19.7 47.9-45L416 128z"
                      />
                    </svg>
                  </button>
                </div>
              </div>
            </div>
          </div>
        </div>
      </div>
    </div>
  </div>
  <div
    class="mb-4"
  >
    <div
      class="clearfix"
    >
      <div
        class="mx-auto float-start"
      >
        <div
          class="m-0 row"
        >
          <h2
            class="text-capitalize pe-0 w-auto"
          >
            Completed
          </h2>
          <button
            class="float-end text-secondary ps-0 w-auto border-0 bg-transparent align-self-start"
            data-test-id="Completed-popover"
            style="cursor: pointer; line-height: 1;"
            type="button"
          >
            <svg
              aria-hidden="true"
              fill="currentColor"
              focusable="false"
              height="14"
              role="img"
              style="display: inline-block; vertical-align: middle;"
              viewBox="0 0 512 512"
              width="14"
              xmlns="http://www.w3.org/2000/svg"
            >
              <path
                d="M464 256A208 208 0 1 0 48 256a208 208 0 1 0 416 0zM0 256a256 256 0 1 1 512 0A256 256 0 1 1 0 256zm169.8-90.7c7.9-22.3 29.1-37.3 52.8-37.3h58.3c34.9 0 63.1 28.3 63.1 63.1c0 22.6-12.1 43.5-31.7 54.8L280 264.4c-.2 13-10.9 23.6-24 23.6c-13.3 0-24-10.7-24-24V250.5c0-8.6 4.6-16.5 12.1-20.8l44.3-25.4c4.7-2.7 7.6-7.7 7.6-13.1c0-8.4-6.8-15.1-15.1-15.1H222.6c-3.4 0-6.4 2.1-7.5 5.3l-.4 1.2c-4.4 12.5-18.2 19-30.6 14.6s-19-18.2-14.6-30.6l.4-1.2zM224 352a32 32 0 1 1 64 0 32 32 0 1 1 -64 0z"
              />
            </svg>
          </button>
        </div>
      </div>
      <button
        class="mx-auto float-end btn btn-link"
        type="button"
      >
         Select
      </button>
    </div>
    <div
      class="list-group"
    >
      <div
        class="accepted-list list-list-group-item list-group-item"
        data-test-class="completed-list"
        data-test-id="list-id1"
      >
        <div
          class="row"
        >
          <div
            class="col-sm-12 col-12"
          >
            <div
              class=" pt-1 row"
            >
              <div
                class="col-lg-6"
              >
                <a
                  class="router-link"
                  data-discover="true"
                  href="/lists/id1"
                >
                  <h5
                    class="mb-1"
                  >
                    <i
                      class="fa fa-shopping-bag text-secondary me-3"
                    />
                    foo
                  </h5>
                </a>
              </div>
              <div
                class="col-lg-4"
              >
                <small
                  class="text-muted"
                >
                  May 31 2020, 12:00:00 am
                </small>
              </div>
              <div
                class=" pe-lg-3 col-lg-2"
              >
                <div
                  class="float-end btn-group"
                  role="group"
                >
                  <button
                    class="p-0 me-3 list-button-enabled btn btn-link"
                    data-test-id="complete-list-refresh"
                    type="button"
                  >
                    <svg
                      aria-hidden="true"
                      class="text-primary"
                      data-test-id="redo-icon"
                      fill="currentColor"
                      focusable="false"
                      height="32"
                      role="img"
                      style="display: inline-block; vertical-align: middle;"
                      viewBox="0 0 512 512"
                      width="32"
                      xmlns="http://www.w3.org/2000/svg"
                    >
                      <path
                        d="M386.3 160H336c-17.7 0-32 14.3-32 32s14.3 32 32 32H464c17.7 0 32-14.3 32-32V64c0-17.7-14.3-32-32-32s-32 14.3-32 32v51.2L414.4 97.6c-87.5-87.5-229.3-87.5-316.8 0s-87.5 229.3 0 316.8s229.3 87.5 316.8 0c12.5-12.5 12.5-32.8 0-45.3s-32.8-12.5-45.3 0c-62.5 62.5-163.8 62.5-226.3 0s-62.5-163.8 0-226.3s163.8-62.5 226.3 0L386.3 160z"
                      />
                    </svg>
                  </button>
                  <button
                    class="p-0 btn btn-link"
                    data-test-id="complete-list-trash"
                    type="button"
                  >
                    <svg
                      aria-hidden="true"
                      class="text-danger"
                      data-test-id="trash-icon"
                      fill="currentColor"
                      focusable="false"
                      height="32"
                      role="img"
                      style="display: inline-block; vertical-align: middle;"
                      viewBox="0 0 512 512"
                      width="32"
                      xmlns="http://www.w3.org/2000/svg"
                    >
                      <path
                        d="M135.2 17.7L128 32H32C14.3 32 0 46.3 0 64S14.3 96 32 96H416c17.7 0 32-14.3 32-32s-14.3-32-32-32H320l-7.2-14.3C307.4 6.8 296.3 0 284.2 0H163.8c-12.1 0-23.2 6.8-28.6 17.7zM416 128H32L53.2 467c1.6 25.3 22.6 45 47.9 45H346.9c25.3 0 46.3-19.7 47.9-45L416 128z"
                      />
                    </svg>
                  </button>
                </div>
              </div>
            </div>
          </div>
        </div>
      </div>
    </div>
  </div>
</div>
`;

exports[`Lists renders loading component when data is being fetched 1`] = `
<div>
  <div
    id="loader"
  >
    <div
      class="spinner-border"
      id="spinner"
      role="status"
    >
      <span
        class="visually-hidden"
      >
        Loading...
      </span>
    </div>
  </div>
</div>
`;

exports[`Lists renders unknown error when error occurs 1`] = `
<div>
  <h1>
    Something went wrong!
  </h1>
  <h2>
    We are currently unable to render this page.
  </h2>
  <p>
    Please check your connection and try to  
    <button
      style="background-color: transparent; cursor: pointer; display: inline; margin: 0px; padding: 0px; color: rgb(0, 86, 179); text-decoration: none;"
    >
      refresh the page
    </button>
  </p>
</div>
`;
