// Jest Snapshot v1, https://goo.gl/fbAQLP

exports[`AppNav when user is not signed in renders basic nav with brand linking to sign in 1`] = `
<nav
  class="navbar navbar-expand-lg navbar-light bg-light fixed-top"
  data-test-id="nav"
>
  <span
    class="navbar-brand"
  >
    Groceries
  </span>
</nav>
`;

exports[`AppNav when user is signed in renders nav with brand linking to root, invite link and logout visible 1`] = `
<nav
  class="navbar navbar-expand-lg navbar-light bg-light fixed-top"
  data-test-id="nav"
>
  <span
    class="navbar-brand"
  >
    Groceries
  </span>
  <button
    aria-controls="navbar"
    aria-label="Toggle navigation"
    class="navbar-toggler collapsed"
    type="button"
  >
    <span
      class="navbar-toggler-icon"
    />
  </button>
  <div
    class="navbar-collapse collapse"
    id="navbar"
  >
    <div
      class="mr-auto navbar-nav"
    >
      <div
        class="nav-item"
      >
        <a
          class="nav-link"
          data-test-id="invite-link"
          href="#"
          role="button"
        >
          Invite
        </a>
      </div>
      <div
        class="nav-item"
      >
        <a
          class="nav-link"
          data-test-id="log-out-link"
          href="#"
          role="button"
        >
          Log out
        </a>
      </div>
    </div>
  </div>
</nav>
`;
