// Vitest Snapshot v1, https://vitest.dev/guide/snapshot.html

exports[`ConfirmModal > when show is true > renders dialog 1`] = `
<div
  aria-modal="true"
  class="tw:fixed tw:inset-0 tw:z-[1055] tw:flex tw:items-center tw:justify-center tw:p-4"
  role="dialog"
>
  <div
    class="tw:bg-[var(--color-surface)] tw:rounded-lg tw:shadow-xl tw:w-full tw:max-w-lg"
  >
    <div
      class="tw:flex tw:items-center tw:justify-between tw:px-4 tw:py-3 tw:border-b tw:border-[var(--color-border)]"
    >
      <h5
        class="tw:text-lg tw:font-medium tw:m-0"
      >
        Confirm 
        testAction
      </h5>
      <button
        aria-label="Close"
        class="tw:text-[var(--color-text-tertiary)] tw:hover:text-[var(--color-text-primary)] tw:text-xl tw:leading-none tw:p-1"
        type="button"
      >
        ×
      </button>
    </div>
    <div
      class="tw:px-4 tw:py-3"
      data-test-id="confirm-modal-body"
    >
      testBody
    </div>
    <div
      class="tw:flex tw:justify-end tw:gap-2 tw:px-4 tw:py-3 tw:border-t tw:border-[var(--color-border)]"
    >
      <button
        class="tw:font-medium tw:transition-colors tw:duration-200 tw:ease-in-out tw:min-h-[44px] tw:flex tw:items-center tw:justify-center tw:gap-2 tw:border tw:border-[var(--color-border-strong)] tw:text-[var(--color-text-primary)] tw:hover:bg-[var(--color-surface-overlay)] tw:h-10 tw:px-4 tw:text-sm tw:rounded-lg  tw:cursor-pointer"
        data-test-id="clear-testAction"
        type="button"
      >
        Close
      </button>
      <button
        class="tw:font-medium tw:transition-colors tw:duration-200 tw:ease-in-out tw:min-h-[44px] tw:flex tw:items-center tw:justify-center tw:gap-2 tw:bg-[var(--color-primary)] tw:text-white tw:hover:bg-[var(--color-primary-hover)] tw:active:opacity-90 tw:h-10 tw:px-4 tw:text-sm tw:rounded-lg  tw:cursor-pointer"
        data-test-id="confirm-testAction"
        type="button"
      >
        Yes, I'm sure.
      </button>
    </div>
  </div>
</div>
`;
