// Jest Snapshot v1, https://goo.gl/fbAQLP

exports[`ConfirmModal when show is true renders dialog 1`] = `
<div
  class="modal show"
  data-test-id="confirm-modal"
  role="dialog"
>
  <div
    class="modal-header"
  >
    <button
      aria-label="Close"
      type="button"
    />
    <h5
      class="modal-title"
    >
      Confirm 
      testAction
    </h5>
  </div>
  <div
    class="modal-body"
    data-test-id="confirm-modal-body"
  >
    testBody
  </div>
  <div
    class="modal-footer"
  >
    <button
      class="btn btn-secondary"
      data-test-id="clear-testAction"
      type="button"
    >
      Close
    </button>
    <button
      class="btn btn-primary"
      data-test-id="confirm-testAction"
      type="button"
    >
      Yes, I'm sure.
    </button>
  </div>
</div>
`;
