// Vitest Snapshot v1, https://vitest.dev/guide/snapshot.html

exports[`Loading > renders the spinner 1`] = `
<div
  class="inline-block h-8 w-8 animate-spin rounded-full border-4 border-current border-t-transparent"
  id="spinner"
  role="status"
>
  <span
    class="sr-only"
  >
    Loading...
  </span>
</div>
`;
