// Vitest Snapshot v1, https://vitest.dev/guide/snapshot.html

exports[`Loading > renders the spinner 1`] = `
<div
  class="tw:inline-block tw:h-8 tw:w-8 tw:animate-spin tw:rounded-full tw:border-4 tw:border-current tw:border-t-transparent"
  id="spinner"
  role="status"
>
  <span
    class="tw:sr-only"
  >
    Loading...
  </span>
</div>
`;
