// Jest Snapshot v1, https://goo.gl/fbAQLP

exports[`TitlePopover renders 1`] = `
<div>
  <div
    class="m-0 row"
  >
    <h2
      class="text-capitalize pe-0 w-auto"
    >
      foo
    </h2>
    <i
      class="far fa-question-circle float-end text-secondary ps-0 w-auto"
      data-test-id="foo-popover"
    />
  </div>
</div>
`;
