// Jest Snapshot v1, https://goo.gl/fbAQLP

exports[`PendingListButtons renders 1`] = `
<div>
  <div
    class="float-right btn-group"
    role="group"
  >
    <button
      class="p-0 mr-3 btn btn-link"
      data-test-id="pending-list-accept"
      type="button"
    >
      <i
        class="fa fa-check fa-2x text-success"
      />
    </button>
    <button
      class="p-0 btn btn-link"
      data-test-id="pending-list-trash"
      type="button"
    >
      <i
        class="fa fa-trash fa-2x text-danger"
      />
    </button>
  </div>
</div>
`;
