// Vitest Snapshot v1, https://vitest.dev/guide/snapshot.html

exports[`EditListItemForm > Rendering > renders the form with correct title 1`] = `
<div>
  <h1>
    Edit Item
  </h1>
  <br />
  <form
    autocomplete="off"
    class=""
  >
    <div
      class="tw:mb-3"
    >
      <div
        class="tw:w-full"
      >
        <label
          class="tw:block tw:text-sm tw:font-medium tw:text-[var(--color-text-secondary)] tw:mb-2"
          for="quantity"
        >
          Quantity
        </label>
        <input
          class="tw:w-full tw:h-11 tw:px-4 tw:py-2 tw:bg-[var(--color-surface)] tw:border tw:border-[var(--color-border)] tw:rounded-lg tw:text-base tw:transition-colors tw:focus:outline-none tw:focus:ring-2 tw:focus:ring-[var(--color-primary)]/30 tw:focus:border-[var(--color-border-strong)]"
          id="quantity"
          name="quantity"
          placeholder=""
          type="text"
          value="2"
        />
      </div>
    </div>
    <div
      class="tw:mb-3"
    >
      <div
        class="tw:w-full"
      >
        <label
          class="tw:block tw:text-sm tw:font-medium tw:text-[var(--color-text-secondary)] tw:mb-2"
          for="product"
        >
          Product
        </label>
        <input
          class="tw:w-full tw:h-11 tw:px-4 tw:py-2 tw:bg-[var(--color-surface)] tw:border tw:border-[var(--color-border)] tw:rounded-lg tw:text-base tw:transition-colors tw:focus:outline-none tw:focus:ring-2 tw:focus:ring-[var(--color-primary)]/30 tw:focus:border-[var(--color-border-strong)]"
          id="product"
          name="product"
          placeholder=""
          type="text"
          value="Apples"
        />
      </div>
    </div>
    <div
      class="tw:mb-3"
    >
      <div
        class="tw:w-full"
      >
        <label
          class="tw:block tw:text-sm tw:font-medium tw:text-[var(--color-text-secondary)] tw:mb-2"
          for="category"
        >
          Category
        </label>
        <input
          class="tw:w-full tw:h-11 tw:px-4 tw:py-2 tw:bg-[var(--color-surface)] tw:border tw:border-[var(--color-border)] tw:rounded-lg tw:text-base tw:transition-colors tw:focus:outline-none tw:focus:ring-2 tw:focus:ring-[var(--color-primary)]/30 tw:focus:border-[var(--color-border-strong)]"
          id="category"
          list="categories"
          name="category"
          type="text"
          value="Produce"
        />
      </div>
      <datalist
        data-test-id="categories"
        id="categories"
      />
    </div>
    <div
      class="d-grid gap-2 mt-3"
    >
      <button
        class="btn btn-success"
        type="submit"
      >
        Update Item
      </button>
      <button
        class="btn btn-link"
        type="button"
      >
        Cancel
      </button>
    </div>
  </form>
</div>
`;
