// Jest Snapshot v1, https://goo.gl/fbAQLP

exports[`CategoryFilter renders Filtered when categories and filter exist 1`] = `
<div>
  <span
    id="filter-title"
  >
    Filtering by:
  </span>
  <button
    class="btn btn-outline-primary"
    data-test-id="clear-filter"
    id="filter-button"
    type="button"
  >
    Produce
     
    <i
      class="fa fa-trash"
    />
  </button>
</div>
`;

exports[`CategoryFilter renders Filtered when filter exists but categories is empty 1`] = `
<div>
  <span
    id="filter-title"
  >
    Filtering by:
  </span>
  <button
    class="btn btn-outline-primary"
    data-test-id="clear-filter"
    id="filter-button"
    type="button"
  >
    Produce
     
    <i
      class="fa fa-trash"
    />
  </button>
</div>
`;

exports[`CategoryFilter renders Filtered when filter exists but categories is undefined 1`] = `
<div>
  <span
    id="filter-title"
  >
    Filtering by:
  </span>
  <button
    class="btn btn-outline-primary"
    data-test-id="clear-filter"
    id="filter-button"
    type="button"
  >
    Produce
     
    <i
      class="fa fa-trash"
    />
  </button>
</div>
`;

exports[`CategoryFilter renders dropdown when categories array contains only empty strings 1`] = `
<div>
  <div
    class="dropdown"
  >
    <button
      aria-expanded="false"
      class="dropdown-toggle btn btn-light"
      id="filter-by-category-button"
      type="button"
    >
      Filter by category
    </button>
  </div>
</div>
`;

exports[`CategoryFilter renders dropdown when categories array contains some valid categories 1`] = `
<div>
  <div
    class="dropdown"
  >
    <button
      aria-expanded="false"
      class="dropdown-toggle btn btn-light"
      id="filter-by-category-button"
      type="button"
    >
      Filter by category
    </button>
  </div>
</div>
`;

exports[`CategoryFilter renders dropdown when categories do not exist 1`] = `
<div>
  <div
    class="dropdown"
  >
    <button
      aria-expanded="false"
      class="dropdown-toggle btn btn-light"
      id="filter-by-category-button"
      type="button"
    >
      Filter by category
    </button>
  </div>
</div>
`;

exports[`CategoryFilter renders dropdown when categories exist but filter is empty string 1`] = `
<div>
  <div
    class="dropdown"
  >
    <button
      aria-expanded="false"
      class="dropdown-toggle btn btn-light"
      id="filter-by-category-button"
      type="button"
    >
      Filter by category
    </button>
  </div>
</div>
`;

exports[`CategoryFilter renders dropdown when categories exist but filter is undefined 1`] = `
<div>
  <div
    class="dropdown"
  >
    <button
      aria-expanded="false"
      class="dropdown-toggle btn btn-light"
      id="filter-by-category-button"
      type="button"
    >
      Filter by category
    </button>
  </div>
</div>
`;

exports[`CategoryFilter renders dropdown when categories is empty array 1`] = `
<div>
  <div
    class="dropdown"
  >
    <button
      aria-expanded="false"
      class="dropdown-toggle btn btn-light"
      id="filter-by-category-button"
      type="button"
    >
      Filter by category
    </button>
  </div>
</div>
`;
