// Vitest Snapshot v1, https://vitest.dev/guide/snapshot.html

exports[`Templates > displays UnknownError when data is undefined 1`] = `
<div>
  <div
    class="tw:flex tw:flex-col tw:min-h-[calc(100vh-var(--spacing-nav-height))]"
  >
    <main
      class="tw:flex-1 tw:overflow-y-auto tw:px-4 tw:py-4"
    >
      <div
        class="tw:flex tw:flex-col tw:items-center tw:justify-center tw:py-16 tw:px-4 tw:text-center"
      >
        <div
          class="tw:text-[var(--color-text-tertiary)] tw:mb-4 tw:[&>svg]:tw:w-16 tw:[&>svg]:tw:h-16"
        >
          <svg
            aria-hidden="true"
            fill="currentColor"
            focusable="false"
            height="48"
            role="img"
            style="display: inline-block; vertical-align: middle;"
            viewBox="0 0 512 512"
            width="48"
            xmlns="http://www.w3.org/2000/svg"
          >
            <path
              d="M464 256A208 208 0 1 0 48 256a208 208 0 1 0 416 0zM0 256a256 256 0 1 1 512 0A256 256 0 1 1 0 256zm169.8-90.7c7.9-22.3 29.1-37.3 52.8-37.3h58.3c34.9 0 63.1 28.3 63.1 63.1c0 22.6-12.1 43.5-31.7 54.8L280 264.4c-.2 13-10.9 23.6-24 23.6c-13.3 0-24-10.7-24-24V250.5c0-8.6 4.6-16.5 12.1-20.8l44.3-25.4c4.7-2.7 7.6-7.7 7.6-13.1c0-8.4-6.8-15.1-15.1-15.1H222.6c-3.4 0-6.4 2.1-7.5 5.3l-.4 1.2c-4.4 12.5-18.2 19-30.6 14.6s-19-18.2-14.6-30.6l.4-1.2zM224 352a32 32 0 1 1 64 0 32 32 0 1 1 -64 0z"
            />
          </svg>
        </div>
        <h2
          class="tw:text-lg tw:font-medium tw:text-[var(--color-text-primary)] tw:mb-1"
        >
          Something went wrong!
        </h2>
        <p
          class="tw:text-sm tw:text-[var(--color-text-secondary)] tw:mb-4 tw:max-w-xs"
        >
          We are currently unable to render this page.
        </p>
        <button
          class="tw:font-medium tw:transition-colors tw:duration-200 tw:ease-in-out tw:min-h-[44px] tw:flex tw:items-center tw:justify-center tw:gap-2 tw:bg-[var(--color-primary)] tw:text-white tw:hover:bg-[var(--color-primary-hover)] tw:active:opacity-90 tw:h-10 tw:px-4 tw:text-sm tw:rounded-lg  tw:cursor-pointer"
          type="button"
        >
          refresh the page
        </button>
      </div>
    </main>
  </div>
</div>
`;

exports[`Templates > renders TemplatesContainer when data retrieval is complete 1`] = `
<div>
  <div
    class="tw:flex tw:flex-col tw:min-h-[calc(100vh-var(--spacing-nav-height))]"
  >
    <header
      class="tw:sticky tw:top-0 tw:z-10 tw:flex tw:items-center tw:gap-2 tw:px-4 tw:py-3 tw:bg-[var(--color-surface)] tw:border-b tw:border-[var(--color-border)]"
    >
      <h1
        class="tw:flex-1 tw:text-lg tw:font-semibold tw:text-[var(--color-text-primary)]"
        data-test-id="page-title"
      >
        Templates
      </h1>
      <div
        class="tw:ml-auto"
      >
        <button
          class="tw:font-medium tw:transition-colors tw:duration-200 tw:ease-in-out tw:min-h-[44px] tw:flex tw:items-center tw:justify-center tw:gap-2 tw:bg-[var(--color-primary)] tw:text-white tw:hover:bg-[var(--color-primary-hover)] tw:active:opacity-90 tw:h-8 tw:px-3 tw:text-sm tw:rounded-md  tw:cursor-pointer"
          data-test-id="add-template-button"
          type="button"
        >
          + Add
        </button>
      </div>
    </header>
    <main
      class="tw:flex-1 tw:overflow-y-auto tw:px-4 tw:py-4"
    >
      <div
        class="tw:flex tw:flex-col tw:gap-3"
      >
        <div
          class="tw:bg-[var(--color-surface-raised)] tw:border tw:border-[var(--color-border)] tw:rounded-[var(--radius-lg)] tw:p-4 tw:shadow-[var(--shadow-sm)] tw:transition-all tw:duration-200 tw:flex tw:flex-col tw:gap-1"
          data-test-class="template"
          data-test-id="template-id1"
        >
          <div
            class="tw:flex tw:items-center tw:justify-between tw:gap-2"
          >
            <h3
              class="tw:text-base tw:font-semibold tw:m-0"
            >
              grocery list
            </h3>
            <div
              class="tw:flex tw:items-center tw:gap-1"
            >
              <button
                aria-label="Edit template"
                class="tw:rounded-full tw:transition-colors tw:duration-200 tw:ease-in-out tw:flex tw:items-center tw:justify-center tw:flex-shrink-0 tw:min-h-[44px] tw:min-w-[44px] tw:cursor-pointer tw:text-[var(--color-primary)] tw:hover:bg-[var(--color-primary-light)] tw:active:bg-[rgb(79_70_229_/_0.2)] tw:h-8 tw:w-8 tw:text-sm"
                data-test-id="template-edit"
                type="button"
              >
                <svg
                  aria-hidden="true"
                  fill="currentColor"
                  focusable="false"
                  height="14"
                  role="img"
                  style="display: inline-block; vertical-align: middle;"
                  viewBox="0 0 512 512"
                  width="14"
                  xmlns="http://www.w3.org/2000/svg"
                >
                  <path
                    d="M471.6 21.7c-21.9-21.9-57.3-21.9-79.2 0L362.3 51.7l97.9 97.9 30.1-30.1c21.9-21.9
      21.9-57.3 0-79.2L471.6 21.7zm-299.2 220c-6.1 6.1-10.8 13.6-13.5 21.9l-29.6
      88.8c-2.9 8.6-.6 18.1 5.8 24.6s15.9 8.7 24.6 5.8l88.8-29.6c8.2-2.7 15.7-7.4
      21.9-13.5L437.7 172.3 339.7 74.3 172.4 241.7zM96 64C43 64 0 107 0 160V416c0 53
      43 96 96 96H352c53 0 96-43 96-96V320c0-17.7-14.3-32-32-32s-32 14.3-32 32v96c0
      17.7-14.3 32-32 32H96c-17.7 0-32-14.3-32-32V160c0-17.7 14.3-32
      32-32h96c17.7 0 32-14.3 32-32s-14.3-32-32-32H96z"
                  />
                </svg>
              </button>
              <button
                aria-label="Delete template"
                class="tw:rounded-full tw:transition-colors tw:duration-200 tw:ease-in-out tw:flex tw:items-center tw:justify-center tw:flex-shrink-0 tw:min-h-[44px] tw:min-w-[44px] tw:cursor-pointer tw:text-[var(--color-danger)] tw:hover:bg-[rgb(239_68_68_/_0.1)] tw:active:bg-[rgb(239_68_68_/_0.2)] tw:h-8 tw:w-8 tw:text-sm"
                data-test-id="template-trash"
                type="button"
              >
                <svg
                  aria-hidden="true"
                  fill="currentColor"
                  focusable="false"
                  height="14"
                  role="img"
                  style="display: inline-block; vertical-align: middle;"
                  viewBox="0 0 512 512"
                  width="14"
                  xmlns="http://www.w3.org/2000/svg"
                >
                  <path
                    d="M135.2 17.7L128 32H32C14.3 32 0 46.3 0 64S14.3 96 32 96H416c17.7 0 32-14.3
      32-32s-14.3-32-32-32H320l-7.2-14.3C307.4 6.8 296.3 0 284.2 0H163.8c-12.1 0-23.2
      6.8-28.6 17.7zM416 128H32L53.2 467c1.6 25.3 22.6 45 47.9 45H346.9c25.3 0
      46.3-19.7 47.9-45L416 128z"
                  />
                </svg>
              </button>
            </div>
          </div>
        </div>
      </div>
      <div
        aria-modal="true"
        class="tw:fixed tw:inset-0 tw:z-60 tw:flex tw:items-end tw:justify-center tw:bg-black/50 tw:transition-opacity tw:duration-200 md:tw:items-center"
        data-test-id="add-template-sheet"
        role="dialog"
      >
        <div
          class="tw:w-full tw:max-h-[90vh] tw:overflow-y-auto tw:bg-[var(--color-surface)] tw:rounded-t-[var(--radius-xl)] tw:shadow-[var(--shadow-xl)] tw:transition-transform tw:duration-200 tw:pb-[calc(env(safe-area-inset-bottom)+var(--spacing-nav-height)+1rem)] md:tw:max-w-[480px] md:tw:rounded-[var(--radius-xl)]"
        >
          <div
            class="tw:flex tw:justify-center tw:pt-2 tw:pb-1 md:tw:hidden"
          >
            <div
              class="tw:w-10 tw:h-1 tw:rounded-full tw:bg-[var(--color-border)]"
            />
          </div>
          <div
            class="tw:px-4 tw:py-3 tw:border-b tw:border-[var(--color-border)]"
          >
            <h2
              class="tw:text-lg tw:font-semibold tw:text-[var(--color-text-primary)]"
            >
              New Template
            </h2>
          </div>
          <div
            class="tw:p-4"
          >
            <form
              autocomplete="off"
              class="tw:flex tw:flex-col tw:gap-4"
              id="template-form"
            >
              <div
                class="tw:w-full"
              >
                <label
                  class="tw:block tw:text-sm tw:font-medium tw:text-[var(--color-text-secondary)] tw:mb-2"
                  for="template-form-name"
                >
                  Name
                </label>
                <input
                  class="tw:w-full tw:h-11 tw:px-4 tw:py-2 tw:bg-[var(--color-surface)] tw:border tw:border-[var(--color-border)] tw:rounded-lg tw:text-base tw:transition-colors tw:focus:outline-none tw:focus:ring-2 tw:focus:ring-[var(--color-primary)]/30 tw:focus:border-[var(--color-border-strong)]"
                  data-test-id="template-form-name"
                  id="template-form-name"
                  name="template-form-name"
                  value=""
                />
              </div>
              <div
                class="tw:flex tw:flex-col tw:gap-3"
              >
                <h4
                  class="tw:text-sm tw:font-semibold tw:m-0 tw:text-[var(--color-text-primary)]"
                >
                  Fields
                </h4>
                <div
                  class="tw:flex tw:flex-col tw:gap-3 tw:p-3 tw:rounded-lg tw:border tw:border-[var(--color-border)] tw:bg-[var(--color-surface-raised)]"
                  data-test-class="field-configuration-row"
                >
                  <div
                    class="tw:w-full"
                  >
                    <label
                      class="tw:block tw:text-sm tw:font-medium tw:text-[var(--color-text-secondary)] tw:mb-2"
                      for="field-row-label-0"
                    >
                      Label
                    </label>
                    <input
                      class="tw:w-full tw:h-11 tw:px-4 tw:py-2 tw:bg-[var(--color-surface)] tw:border tw:border-[var(--color-border)] tw:rounded-lg tw:text-base tw:transition-colors tw:focus:outline-none tw:focus:ring-2 tw:focus:ring-[var(--color-primary)]/30 tw:focus:border-[var(--color-border-strong)]"
                      data-test-id="field-row-label-0"
                      id="field-row-label-0"
                      placeholder="e.g., product"
                      value=""
                    />
                  </div>
                  <div
                    class="tw:w-full"
                  >
                    <label
                      class="tw:block tw:text-sm tw:font-medium tw:text-[var(--color-text-secondary)] tw:mb-2"
                      for="field-row-data-type-0"
                    >
                      Type
                    </label>
                    <select
                      class="tw:w-full tw:h-11 tw:px-4 tw:py-2 tw:bg-[var(--color-surface)] tw:border tw:border-[var(--color-border)] tw:rounded-lg tw:text-base tw:transition-colors tw:focus:outline-none tw:focus:ring-2 tw:focus:ring-[var(--color-primary)]/30 tw:focus:border-[var(--color-border-strong)] tw:appearance-none tw:bg-[image:url('data:image/svg+xml;utf8,<svg%20xmlns=%22http://www.w3.org/2000/svg%22%20viewBox=%220%200%2024%2024%22%20fill=%22none%22%20stroke=%22%236b7280%22%20stroke-width=%222%22%20stroke-linecap=%22round%22%20stroke-linejoin=%22round%22><polyline%20points=%226%209%2012%2015%2018%209%22></polyline></svg>')] tw:bg-no-repeat tw:bg-right tw:pr-10"
                      data-test-id="field-row-data-type-0"
                      id="field-row-data-type-0"
                    >
                      <option
                        value="boolean"
                      >
                        True/False
                      </option>
                      <option
                        value="date_time"
                      >
                        Date
                      </option>
                      <option
                        value="free_text"
                      >
                        Free Text
                      </option>
                      <option
                        value="number"
                      >
                        Number
                      </option>
                    </select>
                  </div>
                  <div
                    class="tw:flex tw:items-end tw:gap-3 tw:justify-between"
                  >
                    <div
                      class="tw:w-24"
                    >
                      <div
                        class="tw:w-full"
                      >
                        <label
                          class="tw:block tw:text-sm tw:font-medium tw:text-[var(--color-text-secondary)] tw:mb-2"
                          for="field-row-position-0"
                        >
                          Position
                        </label>
                        <input
                          class="tw:w-full tw:h-11 tw:px-4 tw:py-2 tw:bg-[var(--color-surface)] tw:border tw:border-[var(--color-border)] tw:rounded-lg tw:text-base tw:transition-colors tw:focus:outline-none tw:focus:ring-2 tw:focus:ring-[var(--color-primary)]/30 tw:focus:border-[var(--color-border-strong)]"
                          data-test-id="field-row-position-0"
                          id="field-row-position-0"
                          max="1"
                          min="1"
                          type="number"
                          value="1"
                        />
                      </div>
                    </div>
                    <div
                      class="tw:flex tw:items-center tw:min-h-[44px] tw:cursor-pointer tw:gap-3"
                    >
                      <div
                        class="tw:relative tw:w-5 tw:h-5"
                      >
                        <input
                          checked=""
                          class="tw:appearance-none tw:absolute tw:w-5 tw:h-5 tw:rounded tw:border-2 tw:border-[var(--color-border)] tw:bg-[var(--color-surface)] tw:cursor-pointer tw:transition-colors tw:focus:outline-none tw:focus:ring-2 tw:focus:ring-[var(--color-primary)]/30"
                          data-test-id="field-row-primary-0"
                          id="field-row-primary-0"
                          name="field-row-primary-0"
                          type="checkbox"
                        />
                        <svg
                          class="tw:absolute tw:inset-0 tw:w-5 tw:h-5 tw:text-white tw:pointer-events-none"
                          fill="currentColor"
                          viewBox="0 0 20 20"
                        >
                          <rect
                            fill="var(--color-primary)"
                            height="20"
                            rx="2"
                            width="20"
                          />
                          <path
                            d="M6.5 10.5L8.5 12.5L13.5 7.5"
                            fill="none"
                            stroke="white"
                            stroke-linecap="round"
                            stroke-linejoin="round"
                            stroke-width="2"
                          />
                        </svg>
                      </div>
                      <label
                        class="tw:text-sm tw:select-none tw:text-[var(--color-text-primary)] tw:cursor-pointer tw:mb-0"
                        for="field-row-primary-0"
                      >
                        Primary
                      </label>
                    </div>
                    <button
                      aria-label="Remove field"
                      class="tw:rounded-full tw:transition-colors tw:duration-200 tw:ease-in-out tw:flex tw:items-center tw:justify-center tw:flex-shrink-0 tw:min-h-[44px] tw:min-w-[44px] tw:cursor-pointer tw:text-[var(--color-danger)] tw:hover:bg-[rgb(239_68_68_/_0.1)] tw:active:bg-[rgb(239_68_68_/_0.2)] tw:h-8 tw:w-8 tw:text-sm tw:opacity-50 tw:cursor-not-allowed tw:pointer-events-none"
                      data-test-id="field-row-remove-0"
                      disabled=""
                      type="button"
                    >
                      <svg
                        aria-hidden="true"
                        fill="currentColor"
                        focusable="false"
                        height="14"
                        role="img"
                        style="display: inline-block; vertical-align: middle;"
                        viewBox="0 0 512 512"
                        width="14"
                        xmlns="http://www.w3.org/2000/svg"
                      >
                        <path
                          d="M135.2 17.7L128 32H32C14.3 32 0 46.3 0 64S14.3 96 32 96H416c17.7 0 32-14.3
      32-32s-14.3-32-32-32H320l-7.2-14.3C307.4 6.8 296.3 0 284.2 0H163.8c-12.1 0-23.2
      6.8-28.6 17.7zM416 128H32L53.2 467c1.6 25.3 22.6 45 47.9 45H346.9c25.3 0
      46.3-19.7 47.9-45L416 128z"
                        />
                      </svg>
                    </button>
                  </div>
                </div>
                <div>
                  <button
                    class="tw:font-medium tw:transition-colors tw:duration-200 tw:ease-in-out tw:min-h-[44px] tw:flex tw:items-center tw:justify-center tw:gap-2 tw:border tw:border-[var(--color-border-strong)] tw:text-[var(--color-text-primary)] tw:hover:bg-[var(--color-surface-overlay)] tw:h-8 tw:px-3 tw:text-sm tw:rounded-md  tw:cursor-pointer"
                    data-test-id="add-field-button"
                    type="button"
                  >
                    Add Field
                  </button>
                </div>
              </div>
              <div
                class="tw:flex tw:justify-end tw:gap-2"
              >
                <button
                  class="tw:font-medium tw:transition-colors tw:duration-200 tw:ease-in-out tw:min-h-[44px] tw:flex tw:items-center tw:justify-center tw:gap-2 tw:text-[var(--color-text-secondary)] tw:hover:bg-[var(--color-surface-overlay)] tw:active:bg-[var(--color-surface-raised)] tw:h-10 tw:px-4 tw:text-sm tw:rounded-lg  tw:cursor-pointer"
                  type="button"
                >
                  Cancel
                </button>
                <button
                  class="tw:font-medium tw:transition-colors tw:duration-200 tw:ease-in-out tw:min-h-[44px] tw:flex tw:items-center tw:justify-center tw:gap-2 tw:bg-[var(--color-primary)] tw:text-white tw:hover:bg-[var(--color-primary-hover)] tw:active:opacity-90 tw:h-10 tw:px-4 tw:text-sm tw:rounded-lg  tw:opacity-50 tw:cursor-not-allowed tw:pointer-events-none"
                  disabled=""
                  type="submit"
                >
                  Create Template
                </button>
              </div>
            </form>
          </div>
        </div>
      </div>
    </main>
  </div>
</div>
`;

exports[`Templates > renders loading component when data is being fetched 1`] = `
<div>
  <div
    id="loader"
  >
    <div
      class="tw:inline-block tw:h-8 tw:w-8 tw:animate-spin tw:rounded-full tw:border-4 tw:border-current tw:border-t-transparent"
      id="spinner"
      role="status"
    >
      <span
        class="tw:sr-only"
      >
        Loading...
      </span>
    </div>
  </div>
</div>
`;

exports[`Templates > renders unknown error when error occurs 1`] = `
<div>
  <div
    class="tw:flex tw:flex-col tw:min-h-[calc(100vh-var(--spacing-nav-height))]"
  >
    <main
      class="tw:flex-1 tw:overflow-y-auto tw:px-4 tw:py-4"
    >
      <div
        class="tw:flex tw:flex-col tw:items-center tw:justify-center tw:py-16 tw:px-4 tw:text-center"
      >
        <div
          class="tw:text-[var(--color-text-tertiary)] tw:mb-4 tw:[&>svg]:tw:w-16 tw:[&>svg]:tw:h-16"
        >
          <svg
            aria-hidden="true"
            fill="currentColor"
            focusable="false"
            height="48"
            role="img"
            style="display: inline-block; vertical-align: middle;"
            viewBox="0 0 512 512"
            width="48"
            xmlns="http://www.w3.org/2000/svg"
          >
            <path
              d="M464 256A208 208 0 1 0 48 256a208 208 0 1 0 416 0zM0 256a256 256 0 1 1 512 0A256 256 0 1 1 0 256zm169.8-90.7c7.9-22.3 29.1-37.3 52.8-37.3h58.3c34.9 0 63.1 28.3 63.1 63.1c0 22.6-12.1 43.5-31.7 54.8L280 264.4c-.2 13-10.9 23.6-24 23.6c-13.3 0-24-10.7-24-24V250.5c0-8.6 4.6-16.5 12.1-20.8l44.3-25.4c4.7-2.7 7.6-7.7 7.6-13.1c0-8.4-6.8-15.1-15.1-15.1H222.6c-3.4 0-6.4 2.1-7.5 5.3l-.4 1.2c-4.4 12.5-18.2 19-30.6 14.6s-19-18.2-14.6-30.6l.4-1.2zM224 352a32 32 0 1 1 64 0 32 32 0 1 1 -64 0z"
            />
          </svg>
        </div>
        <h2
          class="tw:text-lg tw:font-medium tw:text-[var(--color-text-primary)] tw:mb-1"
        >
          Something went wrong!
        </h2>
        <p
          class="tw:text-sm tw:text-[var(--color-text-secondary)] tw:mb-4 tw:max-w-xs"
        >
          We are currently unable to render this page.
        </p>
        <button
          class="tw:font-medium tw:transition-colors tw:duration-200 tw:ease-in-out tw:min-h-[44px] tw:flex tw:items-center tw:justify-center tw:gap-2 tw:bg-[var(--color-primary)] tw:text-white tw:hover:bg-[var(--color-primary-hover)] tw:active:opacity-90 tw:h-10 tw:px-4 tw:text-sm tw:rounded-lg  tw:cursor-pointer"
          type="button"
        >
          refresh the page
        </button>
      </div>
    </main>
  </div>
</div>
`;
