// Jest Snapshot v1, https://goo.gl/fbAQLP

exports[`CategoryField renders input with datalist 1`] = `
<div
  class="mb-3"
>
  <label
    class="form-label"
    for="category"
  >
    Category
  </label>
  <input
    class="form-control"
    id="category"
    list="categories"
    name="category"
    type="text"
    value="testCategory"
  />
  <datalist
    id="categories"
  >
    <option
      value="testCategory1"
    />
  </datalist>
</div>
`;
