// Jest Snapshot v1, https://goo.gl/fbAQLP

exports[`CheckboxField renders input 1`] = `
<div
  class="form-check"
>
  <input
    checked=""
    class="form-check-input"
    id="testName"
    type="checkbox"
  />
  <label
    class="form-check-label"
    for="testName"
    title=""
  >
    testLabel
  </label>
</div>
`;
