// Jest Snapshot v1, https://goo.gl/fbAQLP

exports[`TextField renders input 1`] = `
<div>
  <label
    class="form-label"
    for="testName"
  >
    testLabel
  </label>
  <input
    class="form-control"
    id="testName"
    name="testName"
    placeholder=""
    type="text"
    value="testValue"
  />
  
</div>
`;
