// Jest Snapshot v1, https://goo.gl/fbAQLP

exports[`ShareListForm renders 1`] = `
<div>
  <div>
    <h1>
      Share 
      foo
    </h1>
    <a
      class="float-right"
      href="/lists"
    >
      Back to lists
    </a>
    <br />
    <form
      class=""
    >
      <div
        class="form-group"
      >
        <label
          class="form-label"
          for="new-email"
        >
          Enter an email to invite someone to share this list:
        </label>
        <input
          class="form-control"
          id="new-email"
          name="new-email"
          placeholder="jane.smith@example.com"
          type="email"
          value=""
        />
      </div>
      <button
        class="btn btn-success btn-block"
        type="submit"
      >
        Share List
      </button>
    </form>
    <br />
    <p
      class="text-lead"
    >
      Or select someone you've previously shared with:
    </p>
    <div
      class="list-group"
    >
      <div
        data-test-id="invite-user-1"
      >
        <button
          class="btn btn-link list-group-item list-group-item-action"
        >
          foo@example.com
        </button>
      </div>
    </div>
    <br />
    <h2>
      Already shared
    </h2>
    <p
      class="text-lead"
    >
      Click to toggle permissions between read and write
    </p>
    <br />
    <h3
      class="text-capitalize"
    >
      pending
    </h3>
    <br />
    <div
      class="list-group"
    >
      <div
        data-test-id="pending-user-2"
      >
        <button
          class="d-flex justify-content-between align-items-center list-group-item list-group-item-action"
        >
          <span>
            bar@example.com
          </span>
          <span
            class="badge badge-primary"
            data-test-id="perm-read"
          >
            read
          </span>
        </button>
      </div>
    </div>
    <br />
    <h3
      class="text-capitalize"
    >
      accepted
    </h3>
    <br />
    <div
      class="list-group"
    >
      <div
        data-test-id="accepted-user-3"
      >
        <button
          class="d-flex justify-content-between align-items-center list-group-item list-group-item-action"
        >
          <span>
            baz@example.com
          </span>
          <span
            class="badge badge-success"
            data-test-id="perm-write"
          >
            write
          </span>
        </button>
      </div>
    </div>
    <br />
    <h3>
      Refused
    </h3>
    <br />
    <div
      class="list-group"
    >
      <div
        data-test-id="refused-user-4"
      >
        <div
          class="list-group-item"
        >
          foobar@example.com
        </div>
      </div>
    </div>
  </div>
</div>
`;
