// Vitest Snapshot v1, https://vitest.dev/guide/snapshot.html

exports[`ShareListForm > renders 1`] = `
<div>
  <div
    class="tw:flex tw:flex-col tw:gap-4"
  >
    <form
      class="tw:flex tw:flex-col tw:gap-2"
    >
      <div
        class="tw:w-full"
      >
        <label
          class="tw:block tw:text-sm tw:font-medium tw:text-[var(--color-text-secondary)] tw:mb-2"
          for="new-email"
        >
          Enter an email to invite someone to share this list:
        </label>
        <input
          class="tw:w-full tw:h-11 tw:px-4 tw:py-2 tw:bg-[var(--color-surface)] tw:border tw:border-[var(--color-border)] tw:rounded-lg tw:text-base tw:transition-colors tw:focus:outline-none tw:focus:ring-2 tw:focus:ring-[var(--color-primary)]/30 tw:focus:border-[var(--color-border-strong)]"
          id="new-email"
          name="new-email"
          type="email"
          value=""
        />
      </div>
      <div
        class="tw:flex tw:justify-end"
      >
        <button
          class="tw:font-medium tw:transition-colors tw:duration-200 tw:ease-in-out tw:min-h-[44px] tw:flex tw:items-center tw:justify-center tw:gap-2 tw:bg-[var(--color-primary)] tw:text-white tw:hover:bg-[var(--color-primary-hover)] tw:active:opacity-90 tw:h-10 tw:px-4 tw:text-sm tw:rounded-lg  tw:opacity-50 tw:cursor-not-allowed tw:pointer-events-none"
          disabled=""
          type="submit"
        >
          Share List
        </button>
      </div>
    </form>
    <section>
      <h3
        class="tw:text-xs tw:uppercase tw:tracking-wide tw:text-[var(--color-text-secondary)] tw:mb-2"
      >
        Share with
      </h3>
      <ul
        class="tw:flex tw:flex-col"
      >
        <li
          class="tw:flex tw:items-center tw:justify-between tw:gap-3 tw:py-2 tw:border-b tw:border-[var(--color-border)]"
          data-test-id="invite-user-id1"
        >
          <button
            class="tw:flex tw:items-center tw:gap-2 tw:flex-1 tw:text-left tw:cursor-pointer"
            type="button"
          >
            <span
              class="tw:text-sm tw:flex-1 tw:truncate"
            >
              foo@example.com
            </span>
          </button>
          <button
            aria-label="Add user"
            class="tw:rounded-full tw:transition-colors tw:duration-200 tw:ease-in-out tw:flex tw:items-center tw:justify-center tw:flex-shrink-0 tw:min-h-[44px] tw:min-w-[44px] tw:cursor-pointer tw:text-[var(--color-success)] tw:hover:bg-[rgb(16_185_129_/_0.1)] tw:active:bg-[rgb(16_185_129_/_0.2)] tw:h-8 tw:w-8 tw:text-sm"
            type="button"
          >
            <svg
              aria-hidden="true"
              fill="currentColor"
              focusable="false"
              height="14"
              role="img"
              style="display: inline-block; vertical-align: middle;"
              viewBox="0 0 512 512"
              width="14"
              xmlns="http://www.w3.org/2000/svg"
            >
              <path
                d="M438.6 105.4c12.5 12.5 12.5 32.8 0 45.3l-256 256c-12.5 12.5-32.8 12.5-45.3 0l-128-128c-12.5-12.5-12.5-32.8
      0-45.3s32.8-12.5 45.3 0L160 338.7 393.4 105.4c12.5-12.5 32.8-12.5 45.3 0z"
              />
            </svg>
          </button>
        </li>
      </ul>
    </section>
    <section
      class="tw:mb-4"
    >
      <h3
        class="tw:text-xs tw:uppercase tw:tracking-wide tw:text-[var(--color-text-secondary)] tw:mb-2"
      >
        Pending
      </h3>
      <ul
        class="tw:flex tw:flex-col"
      >
        <li
          class="tw:flex tw:items-center tw:justify-between tw:gap-3 tw:py-2 tw:border-b tw:border-[var(--color-border)]"
          data-test-id="pending-user-id2"
        >
          <span
            class="tw:text-sm tw:flex-1 tw:truncate"
          >
            bar@example.com
          </span>
          <button
            aria-label="Toggle permissions"
            class="tw:flex tw:items-center tw:gap-1 tw:cursor-pointer"
            data-test-id="toggle-permissions"
            type="button"
          >
            <span
              class="tw:inline-flex tw:items-center tw:text-xs tw:font-medium tw:px-2 tw:py-0.5 tw:rounded-full tw:bg-[rgb(245_158_11_/_0.15)] tw:text-[var(--color-warning)]"
              data-test-id="perm-read"
            >
              pending
            </span>
            <svg
              aria-hidden="true"
              class="tw:text-[var(--color-text-secondary)]"
              fill="currentColor"
              focusable="false"
              height="14"
              role="img"
              style="display: inline-block; vertical-align: middle;"
              viewBox="0 0 512 512"
              width="14"
              xmlns="http://www.w3.org/2000/svg"
            >
              <path
                d="M270.6 73.4c-12.5-12.5-32.8-12.5-45.3 0l-160 160c-12.5 12.5-12.5 32.8 0 45.3s32.8 12.5 45.3 0L248 141.3 385.4 278.6c12.5 12.5 32.8 12.5 45.3 0s12.5-32.8 0-45.3l-160-160zm160 352l-160-160c-12.5-12.5-32.8-12.5-45.3 0l-160 160c-12.5 12.5-12.5 32.8 0 45.3s32.8 12.5 45.3 0L248 333.3 385.4 470.6c12.5 12.5 32.8 12.5 45.3 0s12.5-32.8 0-45.3z"
              />
            </svg>
          </button>
          <button
            aria-label="Remove share"
            class="tw:rounded-full tw:transition-colors tw:duration-200 tw:ease-in-out tw:flex tw:items-center tw:justify-center tw:flex-shrink-0 tw:min-h-[44px] tw:min-w-[44px] tw:cursor-pointer tw:text-[var(--color-danger)] tw:hover:bg-[rgb(239_68_68_/_0.1)] tw:active:bg-[rgb(239_68_68_/_0.2)] tw:h-8 tw:w-8 tw:text-sm"
            data-test-id="remove-share"
            type="button"
          >
            <svg
              aria-hidden="true"
              fill="currentColor"
              focusable="false"
              height="14"
              role="img"
              style="display: inline-block; vertical-align: middle;"
              viewBox="0 0 512 512"
              width="14"
              xmlns="http://www.w3.org/2000/svg"
            >
              <path
                d="M135.2 17.7L128 32H32C14.3 32 0 46.3 0 64S14.3 96 32 96H416c17.7 0 32-14.3
      32-32s-14.3-32-32-32H320l-7.2-14.3C307.4 6.8 296.3 0 284.2 0H163.8c-12.1 0-23.2
      6.8-28.6 17.7zM416 128H32L53.2 467c1.6 25.3 22.6 45 47.9 45H346.9c25.3 0
      46.3-19.7 47.9-45L416 128z"
              />
            </svg>
          </button>
        </li>
      </ul>
    </section>
    <section
      class="tw:mb-4"
    >
      <h3
        class="tw:text-xs tw:uppercase tw:tracking-wide tw:text-[var(--color-text-secondary)] tw:mb-2"
      >
        Shared
      </h3>
      <ul
        class="tw:flex tw:flex-col"
      >
        <li
          class="tw:flex tw:items-center tw:justify-between tw:gap-3 tw:py-2 tw:border-b tw:border-[var(--color-border)]"
          data-test-id="accepted-user-id3"
        >
          <span
            class="tw:text-sm tw:flex-1 tw:truncate"
          >
            baz@example.com
          </span>
          <button
            aria-label="Toggle permissions"
            class="tw:flex tw:items-center tw:gap-1 tw:cursor-pointer"
            data-test-id="toggle-permissions"
            type="button"
          >
            <span
              class="tw:inline-flex tw:items-center tw:text-xs tw:font-medium tw:px-2 tw:py-0.5 tw:rounded-full tw:bg-[rgb(16_185_129_/_0.15)] tw:text-[var(--color-success)]"
              data-test-id="perm-write"
            >
              write
            </span>
            <svg
              aria-hidden="true"
              class="tw:text-[var(--color-text-secondary)]"
              fill="currentColor"
              focusable="false"
              height="14"
              role="img"
              style="display: inline-block; vertical-align: middle;"
              viewBox="0 0 512 512"
              width="14"
              xmlns="http://www.w3.org/2000/svg"
            >
              <path
                d="M270.6 454.6c-12.5 12.5-32.8 12.5-45.3 0l-160-160c-12.5-12.5-12.5-32.8 0-45.3s32.8-12.5 45.3 0L248 386.7 385.4 249.4c12.5-12.5 32.8-12.5 45.3 0s12.5 32.8 0 45.3l-160 160zm160-352l-160 160c-12.5 12.5-32.8 12.5-45.3 0l-160-160c-12.5-12.5-12.5-32.8 0-45.3s32.8-12.5 45.3 0L248 194.7 385.4 57.4c12.5-12.5 32.8-12.5 45.3 0s12.5 32.8 0 45.3z"
              />
            </svg>
          </button>
          <button
            aria-label="Remove share"
            class="tw:rounded-full tw:transition-colors tw:duration-200 tw:ease-in-out tw:flex tw:items-center tw:justify-center tw:flex-shrink-0 tw:min-h-[44px] tw:min-w-[44px] tw:cursor-pointer tw:text-[var(--color-danger)] tw:hover:bg-[rgb(239_68_68_/_0.1)] tw:active:bg-[rgb(239_68_68_/_0.2)] tw:h-8 tw:w-8 tw:text-sm"
            data-test-id="remove-share"
            type="button"
          >
            <svg
              aria-hidden="true"
              fill="currentColor"
              focusable="false"
              height="14"
              role="img"
              style="display: inline-block; vertical-align: middle;"
              viewBox="0 0 512 512"
              width="14"
              xmlns="http://www.w3.org/2000/svg"
            >
              <path
                d="M135.2 17.7L128 32H32C14.3 32 0 46.3 0 64S14.3 96 32 96H416c17.7 0 32-14.3
      32-32s-14.3-32-32-32H320l-7.2-14.3C307.4 6.8 296.3 0 284.2 0H163.8c-12.1 0-23.2
      6.8-28.6 17.7zM416 128H32L53.2 467c1.6 25.3 22.6 45 47.9 45H346.9c25.3 0
      46.3-19.7 47.9-45L416 128z"
              />
            </svg>
          </button>
        </li>
      </ul>
    </section>
    <section
      class="tw:mb-4"
    >
      <h3
        class="tw:text-xs tw:uppercase tw:tracking-wide tw:text-[var(--color-text-secondary)] tw:mb-2"
      >
        Declined
      </h3>
      <ul
        class="tw:flex tw:flex-col"
      >
        <li
          class="tw:flex tw:items-center tw:justify-between tw:gap-3 tw:py-2 tw:border-b tw:border-[var(--color-border)]"
          data-test-id="refused-user-id4"
        >
          <span
            class="tw:text-sm tw:flex-1 tw:truncate"
          >
            foobar@example.com
          </span>
          <button
            aria-label="Re-share"
            class="tw:rounded-full tw:transition-colors tw:duration-200 tw:ease-in-out tw:flex tw:items-center tw:justify-center tw:flex-shrink-0 tw:min-h-[44px] tw:min-w-[44px] tw:cursor-pointer tw:text-[var(--color-primary)] tw:hover:bg-[var(--color-primary-light)] tw:active:bg-[rgb(22_163_74_/_0.2)] tw:h-8 tw:w-8 tw:text-sm"
            data-test-id="refresh-share"
            type="button"
          >
            <svg
              aria-hidden="true"
              fill="currentColor"
              focusable="false"
              height="14"
              role="img"
              style="display: inline-block; vertical-align: middle;"
              viewBox="0 0 512 512"
              width="14"
              xmlns="http://www.w3.org/2000/svg"
            >
              <path
                d="M386.3 160H336c-17.7 0-32 14.3-32 32s14.3 32 32 32H464c17.7 0 32-14.3 32-32V64c0-17.7-14.3-32-32-32s-32 14.3-32
      32v51.2L414.4 97.6c-87.5-87.5-229.3-87.5-316.8 0s-87.5 229.3 0 316.8s229.3 87.5 316.8 0c12.5-12.5 12.5-32.8
      0-45.3s-32.8-12.5-45.3 0c-62.5 62.5-163.8 62.5-226.3 0s-62.5-163.8 0-226.3s163.8-62.5 226.3 0L386.3 160z"
              />
            </svg>
          </button>
        </li>
      </ul>
    </section>
  </div>
</div>
`;
