// Jest Snapshot v1, https://goo.gl/fbAQLP

exports[`ListItemForm renders 1`] = `
<div>
  <form
    autocomplete="off"
    class=""
    data-test-id="list-item-form"
  >
    <div
      class="form-group"
    >
      <label
        class="form-label"
        for="product"
      >
        Product
      </label>
      <input
        class="form-control"
        id="product"
        name="product"
        placeholder="apples"
        type="text"
        value=""
      />
    </div>
    <div
      class="form-group"
    >
      <label
        class="form-label"
        for="quantity"
      >
        Quantity
      </label>
      <input
        class="form-control"
        id="quantity"
        name="quantity"
        placeholder="3 bags"
        type="text"
        value=""
      />
    </div>
    <div
      class="form-group"
    >
      <label
        class="form-label"
        for="category"
      >
        Category
      </label>
      <input
        class="form-control"
        id="category"
        list="categories"
        name="category"
        type="text"
        value=""
      />
      <datalist
        id="categories"
      >
        <option
          value="foo"
        />
      </datalist>
    </div>
    <br />
    <button
      class="btn btn-success btn-block"
      type="submit"
    >
      Add New Item
    </button>
  </form>
</div>
`;
