// Jest Snapshot v1, https://goo.gl/fbAQLP

exports[`ListItemForm renders 1`] = `
<div>
  <button
    aria-controls="form-collapse"
    aria-expanded="false"
    class="btn btn-link"
    type="button"
  >
    Add Item
  </button>
  <form
    autocomplete="off"
    class="collapse"
    data-test-id="list-item-form"
    id="form-collapse"
  >
    <div
      class="mb-3"
    >
      <label
        class="form-label"
        for="product"
      >
        Product
      </label>
      <input
        class="form-control"
        id="product"
        name="product"
        placeholder="apples"
        type="text"
        value=""
      />
    </div>
    <div
      class="mb-3"
    >
      <label
        class="form-label"
        for="quantity"
      >
        Quantity
      </label>
      <input
        class="form-control"
        id="quantity"
        name="quantity"
        placeholder="3 bags"
        type="text"
        value=""
      />
    </div>
    <div
      class="mb-3"
    >
      <label
        class="form-label"
        for="category"
      >
        Category
      </label>
      <input
        class="form-control"
        id="category"
        list="categories"
        name="category"
        type="text"
        value=""
      />
      <datalist
        id="categories"
      >
        <option
          value="foo"
        />
      </datalist>
    </div>
    <div
      class="d-grid gap-2 mt-3"
    >
      <button
        class="btn btn-success"
        type="submit"
      >
        Add New Item
      </button>
      <button
        class="btn btn-link"
        type="button"
      >
        Collapse Form
      </button>
    </div>
  </form>
</div>
`;
