// Vitest Snapshot v1, https://vitest.dev/guide/snapshot.html

exports[`ListItemFormFields > matches snapshot 1`] = `
<div>
  <div
    class="tw:mb-3"
  >
    <div
      class="tw:w-full tw:my-2"
    >
      <div
        class="tw:relative tw:border tw:rounded-[var(--radius-lg)] tw:bg-[var(--color-surface)] tw:transition-colors tw:border-[var(--color-border)]"
      >
        <label
          class="tw:absolute tw:-top-2 tw:left-3 tw:px-1 tw:bg-[var(--color-surface)] tw:text-xs tw:font-medium tw:text-[var(--color-text-secondary)]"
          for="title"
        >
          Title
        </label>
        <input
          class="tw:w-full tw:h-11 tw:px-4 tw:bg-transparent tw:border-0 tw:outline-none tw:text-base tw:transition-colors tw:focus:outline-none tw:focus:ring-2 tw:focus:ring-[var(--color-primary)]/30"
          id="title"
          name="title"
          placeholder=""
          type="text"
          value="Test Item"
        />
      </div>
    </div>
  </div>
  <div
    class="tw:mb-3 tw:mb-3"
  >
    <div
      class="tw:flex tw:items-center tw:min-h-[44px] tw:cursor-pointer tw:gap-3"
    >
      <div
        class="tw:relative tw:w-5 tw:h-5"
      >
        <input
          checked=""
          class="tw:appearance-none tw:absolute tw:w-5 tw:h-5 tw:rounded tw:border-2 tw:border-[var(--color-border)] tw:bg-[var(--color-surface)] tw:cursor-pointer tw:transition-colors tw:focus:outline-none tw:focus:ring-2 tw:focus:ring-[var(--color-primary)]/30"
          id="Foobar"
          name="Foobar"
          type="checkbox"
        />
        <svg
          class="tw:absolute tw:inset-0 tw:w-5 tw:h-5 tw:text-white tw:pointer-events-none"
          fill="currentColor"
          viewBox="0 0 20 20"
        >
          <rect
            fill="var(--color-primary)"
            height="20"
            rx="2"
            width="20"
          />
          <path
            d="M6.5 10.5L8.5 12.5L13.5 7.5"
            fill="none"
            stroke="white"
            stroke-linecap="round"
            stroke-linejoin="round"
            stroke-width="2"
          />
        </svg>
      </div>
      <label
        class="tw:text-sm tw:select-none tw:text-[var(--color-text-primary)] tw:cursor-pointer tw:mb-0"
        for="Foobar"
      >
        Foobar
      </label>
    </div>
  </div>
  <div
    class="tw:mb-3"
  >
    <div
      class="tw:w-full tw:my-2"
    >
      <div
        class="tw:relative tw:border tw:rounded-[var(--radius-lg)] tw:bg-[var(--color-surface)] tw:transition-colors tw:border-[var(--color-border)]"
      >
        <label
          class="tw:absolute tw:-top-2 tw:left-3 tw:px-1 tw:bg-[var(--color-surface)] tw:text-xs tw:font-medium tw:text-[var(--color-text-secondary)]"
          for="due_date"
        >
          Due_date
        </label>
        <input
          class="tw:w-full tw:h-11 tw:px-4 tw:bg-transparent tw:border-0 tw:outline-none tw:text-base tw:transition-colors tw:focus:outline-none tw:focus:ring-2 tw:focus:ring-[var(--color-primary)]/30"
          id="due_date"
          name="due_date"
          placeholder=""
          type="date"
          value="2024-01-15"
        />
      </div>
    </div>
  </div>
  <div
    class="tw:mb-3"
  >
    <div
      class="tw:w-full tw:my-2"
    >
      <div
        class="tw:relative tw:border tw:rounded-[var(--radius-lg)] tw:bg-[var(--color-surface)] tw:transition-colors tw:border-[var(--color-border)]"
      >
        <label
          class="tw:absolute tw:-top-2 tw:left-3 tw:px-1 tw:bg-[var(--color-surface)] tw:text-xs tw:font-medium tw:text-[var(--color-text-secondary)]"
          for="quantity"
        >
          Quantity
        </label>
        <input
          class="tw:w-full tw:h-11 tw:px-4 tw:bg-transparent tw:border-0 tw:outline-none tw:text-base tw:transition-colors tw:focus:outline-none tw:focus:ring-2 tw:focus:ring-[var(--color-primary)]/30"
          id="quantity"
          name="quantity"
          type="number"
          value="5"
        />
      </div>
    </div>
  </div>
</div>
`;
