// Vitest Snapshot v1, https://vitest.dev/guide/snapshot.html

exports[`InviteForm > invites new user 1`] = `
<div>
  <h1>
    Send Invitation
  </h1>
  <form
    class="mt-3"
  >
    <div
      class="tw:mb-3"
    >
      <div
        class="tw:w-full"
      >
        <label
          class="tw:block tw:text-sm tw:font-medium tw:text-[var(--color-text-secondary)] tw:mb-2"
          for="email"
        >
          Email
        </label>
        <input
          class="tw:w-full tw:h-11 tw:px-4 tw:py-2 tw:bg-[var(--color-surface)] tw:border tw:border-[var(--color-border)] tw:rounded-lg tw:text-base tw:transition-colors tw:focus:outline-none tw:focus:ring-2 tw:focus:ring-[var(--color-primary)]/30 tw:focus:border-[var(--color-border-strong)]"
          id="email"
          name="email"
          placeholder="jane.smith@example.com"
          type="email"
          value=""
        />
      </div>
    </div>
    <div
      class="d-grid gap-2 mt-3"
    >
      <button
        class="btn btn-success"
        type="submit"
      >
        Invite User
      </button>
      <button
        class="btn btn-link"
        type="button"
      >
        Cancel
      </button>
    </div>
  </form>
</div>
`;
