// Jest Snapshot v1, https://goo.gl/fbAQLP

exports[`NewPassword requests new password 1`] = `
<div>
  <h2>
    Forgot your password?
  </h2>
  <form
    autocomplete="off"
    class=""
  >
    <div
      class="form-group"
    >
      <label
        class="form-label"
        for="email"
      >
        Email
      </label>
      <input
        class="form-control"
        id="email"
        name="email"
        placeholder="jane.smith@example.com"
        type="email"
        value=""
      />
    </div>
    <button
      class="btn btn-success btn-block"
      type="submit"
    >
      Send me reset password instructions
    </button>
  </form>
  <a
    href="/users/sign_in"
  >
    Log in
  </a>
</div>
`;
