// Jest Snapshot v1, https://goo.gl/fbAQLP

exports[`NewSession renders loading when fetch has not completed 1`] = `
<div>
  <div
    id="loader"
  >
    <div
      class="spinner-border"
      id="spinner"
      role="status"
    >
      <span
        class="sr-only"
      >
        Loading...
      </span>
    </div>
  </div>
</div>
`;

exports[`NewSession renders session form when fetch errors 1`] = `
<div>
  <div
    id="loader"
  >
    <div
      class="spinner-border"
      id="spinner"
      role="status"
    >
      <span
        class="sr-only"
      >
        Loading...
      </span>
    </div>
  </div>
</div>
`;
