// Jest Snapshot v1, https://goo.gl/fbAQLP

exports[`NewSession renders loading when fetch has not completed 1`] = `
<div>
  <div
    style="display: flex; justify-content: center; align-items: center;"
  >
    <div
      class="spinner-border"
      role="status"
      style="width: 100px; height: 100px; position: absolute; top: 50%;"
    >
      <span
        class="sr-only"
      >
        Loading...
      </span>
    </div>
  </div>
</div>
`;

exports[`NewSession renders session form when fetch errors 1`] = `
<div>
  <h2>
    Log in
  </h2>
  <form
    class=""
  >
    <div>
      <label
        class="form-label"
        for="email"
      >
        Email
      </label>
      <input
        class="form-control"
        id="email"
        name="email"
        placeholder="jane.smith@example.com"
        type="email"
        value=""
      />
    </div>
    <div>
      <label
        class="form-label"
        for="password"
      >
        Password
      </label>
      <input
        autocomplete="off"
        class="form-control"
        id="password"
        name="password"
        placeholder="password"
        type="password"
        value=""
      />
    </div>
    <div
      class="mb-3"
    >
      <div
        class="form-check"
      >
        <input
          class="form-check-input"
          id="remember-me"
          name="remember-me"
          type="checkbox"
        />
        <label
          class="form-check-label"
          for="remember-me"
          title=""
        >
          Remember me
        </label>
      </div>
    </div>
    <div
      class="d-grid gap-2 mt-3"
    >
      <button
        class="btn btn-success"
        type="submit"
      >
        Log In
      </button>
    </div>
  </form>
  <a
    href="/users/password/new"
  >
    Forgot your password?
  </a>
</div>
`;
