// Jest Snapshot v1, https://goo.gl/fbAQLP

exports[`CompletedListsContainer renders 1`] = `
<div>
  <div
    class="clearfix mb-3"
  >
    <a
      class="float-end"
      href="/lists"
    >
      Back to lists
    </a>
  </div>
  <div
    class="mb-4"
  >
    <div
      class="clearfix"
    >
      <div
        class="mx-auto float-start"
      >
        <div
          class="m-0 row"
        >
          <h2
            class="text-capitalize pe-0 w-auto"
          >
            Completed Lists
          </h2>
          <i
            class="far fa-question-circle float-end text-secondary ps-0 w-auto"
            data-test-id="Completed Lists-popover"
          />
        </div>
      </div>
      <button
        class="mx-auto float-end btn btn-link"
        type="button"
      >

         Select
      </button>
    </div>
    <div
      class="list-group"
    >
      <div
        class="accepted-list list-list-group-item list-group-item"
        data-test-class="completed-list"
        data-test-id="list-id1"
      >
        <div
          class="row"
        >
          <div
            class="col-sm-12 col-12"
          >
            <div
              class=" pt-1 row"
            >
              <div
                class="col-lg-6"
              >
                <a
                  class="router-link"
                  href="/lists/id1"
                >
                  <h5
                    class="mb-1"
                  >
                    <i
                      class="fa fa-shopping-bag text-secondary me-3"
                    />
                    foo
                  </h5>
                </a>
              </div>
              <div
                class="col-lg-4"
              >
                <small
                  class="text-muted"
                >
                  May 28 2020, 12:00:00 am
                </small>
              </div>
              <div
                class=" pe-lg-3 col-lg-2"
              >
                <div
                  class="float-end btn-group"
                  role="group"
                >
                  <button
                    class="p-0 me-3 btn btn-link"
                    data-test-id="complete-list-refresh"
                    type="button"
                  >
                    <i
                      class="fa fa-redo fa-2x text-primary"
                    />
                  </button>
                  <button
                    class="p-0 btn btn-link"
                    data-test-id="complete-list-trash"
                    type="button"
                  >
                    <i
                      class="fa fa-trash fa-2x text-danger"
                    />
                  </button>
                </div>
              </div>
            </div>
          </div>
        </div>
      </div>
      <div
        class="accepted-list list-list-group-item list-group-item"
        data-test-class="completed-list"
        data-test-id="list-id2"
      >
        <div
          class="row"
        >
          <div
            class="col-sm-12 col-12"
          >
            <div
              class=" pt-1 row"
            >
              <div
                class="col-lg-6"
              >
                <a
                  class="router-link"
                  href="/lists/id2"
                >
                  <h5
                    class="mb-1"
                  >
                    <i
                      class="fa fa-book text-secondary me-3"
                    />
                    bar
                  </h5>
                </a>
              </div>
              <div
                class="col-lg-4"
              >
                <small
                  class="text-muted"
                >
                  May 28 2020, 12:00:00 am
                </small>
              </div>
              <div
                class=" pe-lg-3 col-lg-2"
              >
                <div
                  class="float-end btn-group"
                  role="group"
                >
                  <button
                    class="p-0 me-3 btn btn-link"
                    data-test-id="complete-list-refresh"
                    type="button"
                  >
                    <i
                      class="fa fa-redo fa-2x text-primary"
                    />
                  </button>
                  <button
                    class="p-0 btn btn-link"
                    data-test-id="complete-list-trash"
                    type="button"
                  >
                    <i
                      class="fa fa-trash fa-2x text-danger"
                    />
                  </button>
                </div>
              </div>
            </div>
          </div>
        </div>
      </div>
      <div
        class="accepted-list list-list-group-item list-group-item"
        data-test-class="completed-list"
        data-test-id="list-id3"
      >
        <div
          class="row"
        >
          <div
            class="col-sm-12 col-12"
          >
            <div
              class=" pt-1 row"
            >
              <div
                class="col-lg-6"
              >
                <a
                  class="router-link"
                  href="/lists/id3"
                >
                  <h5
                    class="mb-1"
                  >
                    <i
                      class="fa fa-book text-secondary me-3"
                    />
                    baz
                  </h5>
                </a>
              </div>
              <div
                class="col-lg-4"
              >
                <small
                  class="text-muted"
                >
                  May 28 2020, 12:00:00 am
                </small>
              </div>
              <div
                class=" pe-lg-3 col-lg-2"
              >
                <div
                  class="float-end btn-group"
                  role="group"
                >
                  <button
                    class="p-0 me-3 btn btn-link"
                    data-test-id="complete-list-refresh"
                    disabled=""
                    type="button"
                  >
                    <i
                      class="fa fa-redo fa-2x text-primary"
                    />
                  </button>
                  <button
                    class="p-0 btn btn-link"
                    data-test-id="complete-list-trash"
                    type="button"
                  >
                    <i
                      class="fa fa-trash fa-2x text-danger"
                    />
                  </button>
                </div>
              </div>
            </div>
          </div>
        </div>
      </div>
    </div>
  </div>
</div>
`;
