// Jest Snapshot v1, https://goo.gl/fbAQLP

exports[`ListForm renders 1`] = `
<div>
  <button
    aria-controls="form-collapse"
    aria-expanded="false"
    class="btn btn-link"
    type="button"
  >
    Add List
  </button>
  <form
    autocomplete="off"
    class="collapse"
    id="form-collapse"
  >
    <div
      class="mb-3"
    >
      <label
        class="form-label"
        for="name"
      >
        Name
      </label>
      <input
        class="form-control"
        id="name"
        name="name"
        placeholder="My super cool list"
        type="text"
        value=""
      />
    </div>
    <div
      class="mb-3"
    >
      <label
        class="form-label"
        for="list_item_configuration_id"
      >
        Template
      </label>
      <select
        class="form-control"
        id="list_item_configuration_id"
        name="list_item_configuration_id"
      >
        <option
          value="config-1"
        >
          grocery list template
        </option>
      </select>
    </div>
    <div
      class="d-grid gap-2 mt-3"
    >
      <button
        class="btn btn-success"
        type="submit"
      >
        Create List
      </button>
      <button
        class="btn btn-link"
        type="button"
      >
        Collapse Form
      </button>
    </div>
  </form>
</div>
`;
