// Jest Snapshot v1, https://goo.gl/fbAQLP

exports[`ListForm renders 1`] = `
<div>
  <button
    aria-controls="form-collapse"
    aria-expanded="false"
    class="btn btn-link"
    type="button"
  >
    Add List
  </button>
  <form
    autocomplete="off"
    class="collapse"
    id="form-collapse"
    style="padding: 6px;"
  >
    <div
      class="form-group"
    >
      <label
        class="form-label"
        for="name"
      >
        Name
      </label>
      <input
        class="form-control"
        id="name"
        name="name"
        placeholder="My super cool list"
        type="text"
        value=""
      />
      
    </div>
    <div
      class="form-group"
    >
      <label
        class="form-label"
        for="type"
      >
        Type
      </label>
      <select
        class="form-control"
        id="type"
        name="type"
      >
        <option
          value="BookList"
        >
          books
        </option>
        <option
          value="GroceryList"
        >
          groceries
        </option>
        <option
          value="MusicList"
        >
          music
        </option>
        <option
          value="SimpleList"
        >
          simple
        </option>
        <option
          value="ToDoList"
        >
          to-do
        </option>
      </select>
      
    </div>
    <button
      class="btn btn-success btn-block"
      type="submit"
    >
      Create List
    </button>
    <button
      class="btn btn-link btn-block"
      type="button"
    >
      Collapse Form
    </button>
  </form>
</div>
`;
