// Vitest Snapshot v1, https://vitest.dev/guide/snapshot.html

exports[`PasswordForm > renders 1`] = `
<div>
  <form
    autocomplete="off"
    class=""
    data-test-id="password-form"
  >
    <div
      class="tw:mb-3"
    >
      <div
        class="tw:w-full"
      >
        <label
          class="tw:block tw:text-sm tw:font-medium tw:text-[var(--color-text-secondary)] tw:mb-2"
          for="password"
        >
          Password
        </label>
        <input
          autocomplete="off"
          class="tw:w-full tw:h-11 tw:px-4 tw:py-2 tw:bg-[var(--color-surface)] tw:border tw:border-[var(--color-border)] tw:rounded-lg tw:text-base tw:transition-colors tw:focus:outline-none tw:focus:ring-2 tw:focus:ring-[var(--color-primary)]/30 tw:focus:border-[var(--color-border-strong)]"
          id="password"
          name="password"
          placeholder="New password"
          type="password"
          value=""
        />
      </div>
    </div>
    <div
      class="tw:mb-3"
    >
      <div
        class="tw:w-full"
      >
        <label
          class="tw:block tw:text-sm tw:font-medium tw:text-[var(--color-text-secondary)] tw:mb-2"
          for="password-confirmation"
        >
          Password confirmation
        </label>
        <input
          autocomplete="off"
          class="tw:w-full tw:h-11 tw:px-4 tw:py-2 tw:bg-[var(--color-surface)] tw:border tw:border-[var(--color-border)] tw:rounded-lg tw:text-base tw:transition-colors tw:focus:outline-none tw:focus:ring-2 tw:focus:ring-[var(--color-primary)]/30 tw:focus:border-[var(--color-border-strong)]"
          id="password-confirmation"
          name="password-confirmation"
          placeholder="Confirm new password"
          type="password"
          value=""
        />
      </div>
    </div>
    <div
      class="d-grid gap-2 mt-3"
    >
      <button
        class="btn btn-success"
        type="submit"
      >
        Set my password
      </button>
    </div>
  </form>
</div>
`;
