// Jest Snapshot v1, https://goo.gl/fbAQLP

exports[`PasswordForm renders 1`] = `
<div>
  <form
    autocomplete="off"
    class=""
    data-test-id="password-form"
  >
    <div
      class="mb-3"
    >
      <label
        class="form-label"
        for="password"
      >
        Password
      </label>
      <input
        autocomplete="off"
        class="form-control"
        id="password"
        name="password"
        placeholder="New password"
        type="password"
        value=""
      />
    </div>
    <div
      class="mb-3"
    >
      <label
        class="form-label"
        for="password-confirmation"
      >
        Password confirmation
      </label>
      <input
        autocomplete="off"
        class="form-control"
        id="password-confirmation"
        name="password-confirmation"
        placeholder="Confirm new password"
        type="password"
        value=""
      />
    </div>
    <div
      class="d-grid gap-2 mt-3"
    >
      <button
        class="btn btn-success"
        type="submit"
      >
        Set my password
      </button>
    </div>
  </form>
</div>
`;
