// Jest Snapshot v1, https://goo.gl/fbAQLP

exports[`PasswordForm renders 1`] = `
<div>
  <form
    autocomplete="off"
    class=""
    data-test-id="password-form"
  >
    <div
      class="form-group"
    >
      <label
        class="form-label"
        for="password"
      >
        Password
      </label>
      <input
        autocomplete="off"
        class="form-control"
        id="password"
        name="password"
        placeholder="New password"
        type="password"
        value=""
      />
    </div>
    <div
      class="form-group"
    >
      <label
        class="form-label"
        for="password-confirmation"
      >
        Password confirmation
      </label>
      <input
        autocomplete="off"
        class="form-control"
        id="password-confirmation"
        name="password-confirmation"
        placeholder="Confirm new password"
        type="password"
        value=""
      />
    </div>
    <button
      class="btn btn-success btn-block"
      type="submit"
    >
      Set my password
    </button>
  </form>
</div>
`;
