// Vitest Snapshot v1, https://vitest.dev/guide/snapshot.html

exports[`Complete > renders a button 1`] = `
<button
  class="font-medium transition-colors duration-200 ease-in-out min-h-[44px] flex items-center justify-center gap-2 text-[var(--color-text-secondary)] hover:bg-[var(--color-surface-overlay)] active:bg-[var(--color-surface-raised)] h-10 px-4 text-sm rounded-lg  cursor-pointer p-0 me-3"
  data-test-id="foo"
  type="button"
>
  <svg
    aria-hidden="true"
    class="text-success"
    data-test-id="check-icon"
    fill="currentColor"
    focusable="false"
    height="32"
    role="img"
    style="display: inline-block; vertical-align: middle;"
    viewBox="0 0 512 512"
    width="32"
    xmlns="http://www.w3.org/2000/svg"
  >
    <path
      d="M438.6 105.4c12.5 12.5 12.5 32.8 0 45.3l-256 256c-12.5 12.5-32.8 12.5-45.3 0l-128-128c-12.5-12.5-12.5-32.8
      0-45.3s32.8-12.5 45.3 0L160 338.7 393.4 105.4c12.5-12.5 32.8-12.5 45.3 0z"
    />
  </svg>
</button>
`;
