// Jest Snapshot v1, https://goo.gl/fbAQLP

exports[`Complete renders a button 1`] = `
<button
  class="p-0 me-3  btn btn-link"
  data-test-id="foo"
  type="button"
>
  <svg
    aria-hidden="true"
    class="text-success"
    data-test-id="check-icon"
    fill="currentColor"
    focusable="false"
    height="32"
    role="img"
    style="display: inline-block; vertical-align: middle;"
    viewBox="0 0 512 512"
    width="32"
    xmlns="http://www.w3.org/2000/svg"
  >
    <path
      d="M438.6 105.4c12.5 12.5 12.5 32.8 0 45.3l-256 256c-12.5 12.5-32.8 12.5-45.3 0l-128-128c-12.5-12.5-12.5-32.8 0-45.3s32.8-12.5 45.3 0L160 338.7 393.4 105.4c12.5-12.5 32.8-12.5 45.3 0z"
    />
  </svg>
</button>
`;
